**TOPS20 EXEC**
*AUTOPATCH TAPE 019*

Edit	SPR	PCO		Date	        Module	Description
4401	--	   --		   --		EXECSU FIX POBOX HANDLING
.						EXEC0
4402	--	   --		   --		EXECSE ACCEPT NON-ALPHANUMERIC IN LAT NAMES
.						EXECSU/EXECQU
4403	--	   --		   --		EXECGL GLOBALIZE GETSXF::
4404    21939   20-EXEC-253      1-JUN-88       EXEC2  CONTROL CHARACTERS ARE NOT ECHOED AFTER ATTACHING           
4405	--	   --		   --		EXECSU FIX 4402
4406	--	   --		   --		EXECP  GET CORRECT SWITCH TABLE

*AUTOPATCH TAPE 020*

Edit	SPR	PCO		Date	        Module	Description
4409	--	   --		   --		EXECSE Allow leading numeric in 2nd field of SET REM PRI
4410	--	   --		   --		EXECIN Fix minor error in INF REMOTE-PRINTING
4411	22255	20-EXEC-254	 1-NOV-88	EXEC1  SET MAIL-WATCH DOES NOT WORK

*AUTOPATCH TAPE 021*

Edit	SPR	PCO	Date		Module	Description
4412	--	   --	   --		EXEC0  Add new commands, features and support for security enhancements.
.					EXEC1/EXEC4/EXECCA/EXECDE/EXECGL/EXECIN/EXECPR/EXECSE/EXECSU
4413	--	   --	   --		EXEC0  Fix broken SYSTAT in subcommand mode when username contains a wildcard character.
4414	--	   --	   --		EXEC1  Fix handling of expired passwords
4415	--	   --	   --		EXEC1  Be more forgiving about the minimum password length during the login process.
4416	--	   --	   --		EXECSE Add commands and modify INFO SYS for password dictionary.
.					EXECIN
4417	22042	   --	   --		EXECPR Add code to support @SET DEFAULT PRINTER /REMOTE-PRINT: command
.					EXECGL/EXECSE/EXECQU/EXECDE
4418	22043	20-EXEC-239		EXECQU Add code to support @MODIFY PRINT /REMOTE-PRINTER: 

*AUTOPATCH TAPE 022*

Edit	SPR	PCO		Date 	Module	Description
4419	--	   --		   --	EXECSU	SHOW NETWORK ORIGIN ON INFO JOB
.					EXEC1/EXECIN
4420	--	   --		   --	EXECSU	MAKE ETYPE'S %W SAY "NEVER" FOR A ZERO DATE
.					EXEC0/EXEC1
4421	--	   --		   --	EXECSU	SUPPRESS COLUMNIZATION IN ETYPE'S %W ODTIM
4422	--	   --		   --	EXEC0	INCREASE STKVAR IN GETPOB FOR LARGE UERSNAMES
4423	--	   --		   --	EXEC4	FORCE PASSWORD CHANGE ON LOGIN IF CHANGED WITH BUILD
4424	--	   --		   --	EXEC0	SUPPORT TERMINAL TYPE IDEAL
.					EXECCA/EXECGL
4425	--	   --		   --	EXEC1	REWRITE ATTACH
.					EXECSU
4426	--	   --		   --	EXEC4	FIX TYPO PREVIOUS EDIT

*AUTOPATCH TAPE 023*

Edit	SPR	PCO		Date		Module	Description
4427	--	   --		   --		EXEC0  SUPPORT ENABLE/DISABLE NOT-LOGGED-IN-SYSTAT
.						EXECCA/EXECGL

*TSU TAPE 01*

Edit	SPR	PCO		Date	        Module	Description
4428	--	   --		   --		EXECMT IMPROVE ERROR MESSAGE WHEN ASSIGN COMMAND FAILS
4429	--	   --		   --		EXEC4  CHANGE 'ARPANET' TO 'INTERNET'
.						EXECCA/EXECIN/EXECPS/EXECSE

*TSU TAPE 02*

Edit	SPR	PCO		Date	        Module	Description
4430	--	   --		   --		EXEC2	CLEAR BUF0 IN COPTTY SO COPY AND APPEND DON'T SET BIT 35

*TSU TAPE 03*

Edit	SPR	PCO		Date	        Module	Description
4431	--	   --		   --		EXEC0  ALLOW THE EXEC TO RESCAN COMMANDS OF THE FORM "EXEC COMMAND"
.						EXEC1/EXECPR/EXECGL
4432	--	   --		   --		EXEC0  USE DMFLD RATHER THAN CMKEY TO PARSE COMMAND THAT INVOKED THE EXEC
4433	--	   --		   --		EXECED DEFAULT EMCSSW ON, REUSE OLD EMACS FORK AT .EMCSF+2
.						EXECDE
4434	--	   --		   --		EXECED PASS DEVICE AND DIRECTORY AS WELL AS FILENAME TO EMACS IN RESCAN BUFFER
4435	--	   --		   --		EXEC0  PREVENT AUTOLOGOUT DONE TOO SOON, FIX PCL/KEPT FORK BUG
.						EXECSU
4436	--	   --		   --		EXEC0  OUTPUT PCS IN HALFWORD FORMAT IF NON-ZERO SECTION
.						EXECP
4437	--	   --		   --		EXEC0  DEFAULT FORK PROPERLY AT EXDPDF
4438	--	   --		   --		EXEC1  KEEPD1 DOESN'T CHECK FOR FB%NDL AND LOOKS FOR AR%RAR IN WRONG FDB WORD
4439	--	   --		   --		EXEC2  CLEAR CONTROL-O BIT BETWEEN TYPE OF MULTIPLE FILES
4440	--	   --		   --		EXEC3  RDIRECTORY HAD THE WRONG NOISE WORDS
4441	--	   --		   --		EXECED CLEAR FLAGS IN Z IN EDXITB TO PREVENT BAD FLAGS PASSED TO EXEC0 TO RUN EDITOR
4442	--	   --		   --		EXECCS RE-INIT STACK AT CMAGN+1 TO PREVENT STACK OVERFLOWS ON REPARSE
4443	--	   --		   --		EXECIN HANDLE ITRAP FROM GCVEC AT VERSIX+1, DON'T ALLOW "%" TO PRINT BAD THINGS
4444	--	   --		   --		EXECP  SET UP UFORK ON STARK SUB COMMANDS, USER ERJMP TO CATCH CFORK FAILURE
4445	--	   --		   --		EXECSE PREVENT %X RECURSION WHEN DISPLAYING ALERT TEXT
4446	--	   --		   --		EXECSU FIX BAD CALCULATION BECAUSE OF DST, ACCOUNT FOR PCL LOSING JFN IN LFJFNS
4447	--	   --		   --		EXEC1  ADD ARCHIVE SUBCOMMANDS INVISIBLE, VISIBLE, NO RETAIN
4448	--	   --		   --		EXECSE DEFAULT THE DIRECTORY FOR SET DIRECTORY COMMANDS
.						EXECGL/EXECCA
4449	--	   --		   --		EXECDE UPDATE COPYRIGHT NOTICE
.						EXECPR/EXEC4/EXECMT/EXECQU
4450	--	   --		   --		EXEC1  DON'T CONSIDER DETACHED JOBS RUNNING RMSFAL AS GOOD CANDIDATES FOR ATTACH
4451	--	   --		   --		EXECSU FCONF/FCONFA SHOULD CLEAR THE TYPEAHEAD BUFFER FOR SAFETY

*TSU TAPE 04*

Edit	SPR	PCO		Date	        Module	Description
4452	--	   --		   --		EXECIN REMOVE "%NO INTERNET SOFTWARE" MSG FROM INFO INTERNET COMMAND
4453	--	   --		   --		EXEC1  DON'T DELETE INVISIBLE FILES

