		LINK symbol map of	LINK	version 6(2420)		page 1
	Produced by LINK version 6(2420) on 27-May-88 at 20:17:35

	Low  segment starts at	     0 ends at	  2510 length	  2511 = 3P
	High segment starts at	520000 ends at	644036 length	124037 = 85P
	183 words free in Low segment, 481 words free in high segment
	2006 Global symbols loaded, therefore min. hash size is 2229
	Start address is 520030, located in program LINK

		*************

.HIGH.

	Zero length module

		*************

LNKHST	from DSK:LNKHST.REL	created by MACRO on 27-May-88 at 20:03:47
	High segment starts at	520010 ends at	520027 length	    20 (octal),    16. (decimal)


		*************

LINK	from DSK:LNKINI.REL	created by MACRO on 27-May-88 at 20:04:03
	High segment starts at	520030 ends at	521523 length	  1474 (octal),   828. (decimal)

	ARSIZE             1630	Global	Relocatable 		BATCH               410	Global	Relocatable 	
	CPUHST              406	Global	Relocatable 		DATIME              142	Global	Relocatable 	
	DCBUF              1232	Global	Relocatable 		DY.AB              1040	Global	Relocatable 	
	DY.FR              1076	Global	Relocatable 		DY.LB              1026	Global	Relocatable 	
	DY.PT              1064	Global	Relocatable 		DY.UB              1052	Global	Relocatable 	
	E$$IMI           520517	Global	Relocatable 		E$$IUU           521320	Global	Relocatable 	
	E$$LFB           520420	Global	Relocatable 		E$$LIN           520423	Global	Relocatable 	
	E01OEL           521372	Global	Relocatable 		EPDP                356	Global	Relocatable 	
	ERRLVL             1445	Global	Relocatable 		EZCOR              1701	Global	Relocatable Suppressed
	FLAGS              1405	Global	Relocatable 		FRECOR             1426	Global	Relocatable 	
	FSTR               1173	Global	Relocatable Suppressed	G.DEV              1335	Global	Relocatable 	
	G.EXT              1340	Global	Relocatable 		GS.AB              1051	Global	Relocatable 	
	GS.FR              1107	Global	Relocatable 		GS.LB              1037	Global	Relocatable 	
	GS.PT              1075	Global	Relocatable 		GS.UB              1063	Global	Relocatable 	
	GSYM               1664	Global	Relocatable 		HC.S0               557	Global	Relocatable 	
	HIORGN              443	Global	Relocatable 		HL.S0               562	Global	Relocatable 	
	HSFACT              712	Global	Relocatable 		HSPACE              711	Global	Relocatable 	
	HT.PRM              707	Global	Relocatable 		HT.PTR              706	Global	Relocatable 	
	IO.CHN             1331	Global	Relocatable 		IO.EMG             1271	Global	Relocatable 	
	IO.PTR             1246	Global	Relocatable 		JOBNUM              750	Global	Relocatable 	
	LC.AB              1041	Global	Relocatable 		LC.JF              1277	Global	Relocatable 	
	LC.LB              1027	Global	Relocatable 		LC.UB              1053	Global	Relocatable 	
	LINBUF             1460	Global	Relocatable 		LINK             520030	Entry	Relocatable 	
	LNKMAX             1614	Global	Relocatable 		LOGLVL             1444	Global	Relocatable 	
	LOGSUB             1452	Global	Relocatable 		LOGTTY             1451	Global	Relocatable 	
	LOWSUB             1454	Global	Relocatable 		LS.AB              1045	Global	Relocatable 	
	LS.FR              1103	Global	Relocatable 		LS.LB              1033	Global	Relocatable 	
	LS.PT              1071	Global	Relocatable 		LS.UB              1057	Global	Relocatable 	
	LSYM               1667	Global	Relocatable 		LW.LC               644	Global	Relocatable 	
	LW.S1               644	Global	Relocatable Suppressed	MAPCON             1420	Global	Relocatable 	
		LINK symbol map of	LINK	version 6(2420)		page 2
LINK
	MAXCOR             1406	Global	Relocatable 		MYPPN               411	Global	Relocatable 	
	OFFSET              140	Global	Relocatable 		OKCPUS              764	Global	Relocatable 	
	OPENBL             1172	Global	Relocatable 		PDP                 404	Global	Relocatable 	
	PH                 1635	Global	Relocatable 		PRMPTR              713	Global	Relocatable 	
	PTHDIR              414	Global	Relocatable 		RC.FRE              436	Global	Relocatable 	
	RC.MAP              426	Global	Relocatable 		RC.NO               435	Global	Relocatable 	
	RC.NTB              425	Global	Relocatable 		RC.TB               424	Global	Relocatable 	
	RCBUF              1240	Global	Relocatable 		SAVEAC             1522	Global	Relocatable 	
	SEVLVL             1446	Global	Relocatable 		SG.TB               427	Global	Relocatable 	
	SPACE              1701	Global	Relocatable 		START            521412	Global	Relocatable 	
	TIMEON              141	Global	Relocatable 		TTYBUF             1455	Global	Relocatable 	
	TTYSUB             1453	Global	Relocatable 		USEPTR              756	Global	Relocatable 	
	UUOTRA              143	Global	Relocatable 		UW.LC               656	Global	Relocatable 	
	UW.S1               656	Global	Relocatable Suppressed	VERLVL             1447	Global	Relocatable 	
	ZCOR                143	Global	Relocatable Suppressed	%LOW                140	Global	Relocatable Suppressed
	.ERLFB           521436	Global	Relocatable 		.ERLIN           521444	Global	Relocatable 	
	.TEMP               146	Global	Relocatable 	
		*************

LNKSCN	from DSK:LNKSCN.REL	created by MACRO on 27-May-88 at 20:05:30
	High segment starts at	521524 ends at	523560 length	  2035 (octal),  1053. (decimal)

	E$$IST           522117	Global	Relocatable 	
	E$$ITB           523203	Global	Relocatable 		E$$SNL           521535	Global	Relocatable 	
	F.ASCC             1322	Global	Relocatable 		F.ASCI             1321	Global	Relocatable 	
	F.ASCK             1323	Global	Relocatable 		F.EDIT             1320	Global	Relocatable 	
	F.INZR             1315	Global	Relocatable 		F.NXZR             1316	Global	Relocatable 	
	F.WLZR             1317	Global	Relocatable 		GOTO               1425	Global	Relocatable 	
	LNKSCN           521524	Entry	Relocatable 		OSCANF             1333	Global	Relocatable 	
	OVERLW             1600	Global	Relocatable 		SCNSYM             1443	Global	Relocatable 	
	SWFLAG             1330	Global	Relocatable 		.DPKSC           523344	Global	Relocatable 	
	.DPKSW           523343	Entry	Relocatable 		.ERIST           523530	Global	Relocatable 	
	.ERITB           523540	Global	Relocatable 		.ERSNL           523503	Global	Relocatable 	
	.SWDPK           523371	Entry	Relocatable 		.SWPDV           523403	Global	Relocatable 	
	.SWSXD           523341	Entry	Relocatable 		.SWSYM           523315	Entry	Relocatable 	
	.SWSYO           523327	Entry	Relocatable 		.SWVER           523401	Entry	Relocatable 	
	.SXDSC           523332	Global	Relocatable 		.SXDSW           523331	Entry	Relocatable 	
	.SYMSC           523220	Global	Relocatable 		.SYMSW           523217	Entry	Relocatable 	
	.SYOSC           523320	Global	Relocatable 		.SYOSW           523317	Entry	Relocatable 	

		*************

LNKOV1	from DSK:LNKOV1.REL	created by MACRO on 27-May-88 at 20:15:07
	High segment starts at	523561 ends at	527602 length	  4022 (octal),  2066. (decimal)

	ADDOVU             1617	Global	Relocatable 		ARGFXP             1634	Global	Relocatable 	
	ARGOVL             1633	Global	Relocatable 		BG.AB              1050	Global	Relocatable 	
	BG.FR              1106	Global	Relocatable 		BG.LB              1036	Global	Relocatable 	
	BG.PT              1074	Global	Relocatable 		BG.SCH             1611	Global	Relocatable 	
	BG.UB              1062	Global	Relocatable 		BRNADD             1624	Global	Relocatable 	
	BRNDSK             1610	Global	Relocatable 		BRNLEN             1606	Global	Relocatable 	
	BRNMAX             1616	Global	Relocatable 		BRNTBL             1607	Global	Relocatable 	
	BSYM               1700	Global	Relocatable 		COEOVL           527035	Global	Relocatable 	
	CS                 1556	Global	Relocatable 		CS.RHS           527064	Global	Relocatable 	
		LINK symbol map of	LINK	version 6(2420)		page 3
LNKOV1
	E$$ELN           525522	Global	Relocatable 		E$$EOV           525705	Global	Relocatable 	
	E$$FSN           527261	Global	Relocatable 		E$$LNA           524011	Global	Relocatable 	
	E$$LNL           526324	Global	Relocatable 		E$$LNN           526317	Global	Relocatable 	
	E$$LSM           527516	Global	Relocatable 		E$$MRN           524066	Global	Relocatable 	
	E$$NBR           526333	Global	Relocatable 		E$$OFS           523713	Global	Relocatable 	
	E$$OHN           527257	Global	Relocatable 		E$$RER           524102	Global	Relocatable 	
	E$$TML           524017	Global	Relocatable 		E01OSL           523606	Global	Relocatable 	
	E01RER           524126	Global	Relocatable 		ET                 1574	Global	Relocatable 	
	EXCPTR              770	Global	Relocatable 		EXTCNT             1612	Global	Relocatable 	
	FSTPTR             1620	Global	Relocatable 		FX.LB              1034	Global	Relocatable 	
	FX.S1               573	Global	Relocatable 		FX.S2               574	Global	Relocatable 	
	FXC.SS              601	Global	Relocatable 		FXSBIT              642	Global	Relocatable 	
	GS.FSP             1145	Global	Relocatable 		GS.LNK             1133	Global	Relocatable 	
	HB.LS               674	Global	Relocatable 		HC.LB              1030	Global	Relocatable 	
	HL.S1               563	Global	Relocatable 		HL.S2               564	Global	Relocatable 	
	INCPTR              771	Global	Relocatable 		INTCNT             1613	Global	Relocatable 	
	IO.CHR             1332	Global	Relocatable 		L.MAX              1603	Global	Relocatable 	
	LINKGO           524150	Global	Relocatable 		LINKSE             1627	Global	Relocatable 	
	LINKTB             1506	Global	Relocatable 		LINKTO           524156	Global	Relocatable 	
	LL.S2               570	Global	Relocatable 		LNKNAM             1561	Global	Relocatable 	
	LNKOV1           523561	Entry	Relocatable 		LNKTBL             1604	Global	Relocatable 	
	LNMPTR             1622	Global	Relocatable 		LSTGBL              752	Global	Relocatable 	
	LSTLCL              753	Global	Relocatable 		LSTPTR             1621	Global	Relocatable 	
	LW.LS               650	Global	Relocatable 		MNSEEN              763	Global	Relocatable 	
	MNTYPE              762	Global	Relocatable 		NAMLOC             1037	Global	Relocatable 	
	NAMPTR              766	Global	Relocatable 		NOLIBS             1431	Global	Relocatable 	
	NOSYMS             1430	Global	Relocatable 		NXTGLB              773	Global	Relocatable 	
	OV.S1              1660	Global	Relocatable 		OV1.Z0             1664	Global	Relocatable Suppressed
	OV1.ZE             1701	Global	Relocatable Suppressed	OVINEX             1626	Global	Relocatable 	
	OVLBLK             1605	Global	Relocatable 		PAG.LS              662	Global	Relocatable Suppressed
	PAG.RT              661	Global	Relocatable Suppressed	PAG.S1              656	Global	Relocatable Suppressed
	PATLOC              445	Global	Relocatable 		PATSPC             1677	Global	Relocatable 	
	PLOTSW             1542	Global	Relocatable 		PLTTAB             1543	Global	Relocatable Suppressed
	PRGNAM              716	Global	Relocatable 		PRGNO              1676	Global	Relocatable 	
	PV.S1              1662	Global	Relocatable 		RBGPTR             1623	Global	Relocatable 	
	ROOTAB              454	Global	Relocatable 		RT.AB              1044	Global	Relocatable 	
	RT.FR              1102	Global	Relocatable 		RT.FX            527073	Global	Relocatable 	
	RT.FXC           527133	Global	Relocatable 		RT.LB              1032	Global	Relocatable 	
	RT.PT              1070	Global	Relocatable 		RT.T2E           527241	Global	Relocatable 	
	RT.T2F           527223	Global	Relocatable 		RT.T2L           527204	Global	Relocatable 	
	RT.T2R           527146	Global	Relocatable 		S.DEBG             1327	Global	Relocatable 	
	S.INZR             1325	Global	Relocatable 		S.LHFL             1326	Global	Relocatable 	
	STADDR             1670	Global	Relocatable 		SYMSEG             1433	Global	Relocatable 	
	TAB.LB             1026	Global	Relocatable 		TRY.BG           526610	Global	Relocatable 	
	TYP.BG           526770	Global	Relocatable 		USYM               1665	Global	Relocatable 	
	UW.LS               662	Global	Relocatable 		VERNUM              751	Global	Relocatable 	
	WRTDAT             1632	Global	Relocatable 		%ARSIZ           524022	Global	Relocatable 	
	%LINK            523734	Global	Relocatable 		%NODE            525710	Global	Relocatable 	
	%NOENT           524024	Global	Relocatable 		%NOREQ           524040	Global	Relocatable 	
	%OVERL           523566	Global	Relocatable 		%OWN               1505	Global	Relocatable 	
	%PLOT            524054	Global	Relocatable 		%REGIO           524065	Global	Relocatable 	
	%REQUE           524073	Global	Relocatable 		%RESET           525710	Global	Relocatable 	
	%SPACE           524071	Global	Relocatable 		.ERELN           527460	Global	Relocatable 	
	.EREOV           527466	Global	Relocatable 		.ERFSN           527574	Global	Relocatable 	
		LINK symbol map of	LINK	version 6(2420)		page 4
LNKOV1
	.ERLNA           527304	Global	Relocatable 		.ERLNL           527542	Global	Relocatable 	
	.ERLNN           527533	Global	Relocatable 		.ERLSM           527475	Global	Relocatable 	
	.ERMRN           527326	Global	Relocatable 		.ERNBR           527551	Global	Relocatable 	
	.EROFS           527266	Global	Relocatable 		.EROHN           527565	Global	Relocatable 	
	.ERRER           527340	Global	Relocatable 		.ERTML           527317	Global	Relocatable 	
	.NOENT           524025	Global	Relocatable 		.NOREQ           524041	Global	Relocatable 	
	.OVERL           523563	Global	Relocatable 		.REQUE           524074	Global	Relocatable 	

		*************

LNKWLD	from DSK:LNKWLD.REL	created by MACRO on 27-May-88 at 20:06:36
	High segment starts at	527603 ends at	534326 length	  4524 (octal),  2388. (decimal)

	AS.LB              1031	Global	Relocatable 		COPYP1           532665	Global	Relocatable 	
	CPSECT             1024	Global	Relocatable 		CPUTGT              407	Global	Relocatable 	
	DDEBUG             1424	Global	Relocatable 		DEBUGS             1423	Global	Relocatable 	
	DTAFLG             1513	Global	Relocatable 		E$$CLF           533035	Global	Relocatable 	
	E$$DNS           533216	Global	Relocatable 		E$$DRC           531775	Global	Relocatable 	
	E$$IMA           532655	Global	Relocatable 		E$$LFC           532757	Global	Relocatable 	
	E$$LFI           532754	Global	Relocatable 		E$$LSS           530774	Global	Relocatable 	
	E$$MSN           533530	Global	Relocatable 		E$$MTB           531256	Global	Relocatable 	
	E$$MTS           531263	Global	Relocatable 		E$$NHN           533547	Global	Relocatable 	
	E$$OPL           531607	Global	Relocatable 		E$$OSL           532272	Global	Relocatable 	
	E$$RLC           530512	Global	Relocatable 		E$$SRB           532106	Global	Relocatable 	
	E$$SSN           533533	Global	Relocatable 		E$$TDS           531423	Global	Relocatable 	
	E$$UGS           532337	Global	Relocatable 		E$$USI           533541	Global	Relocatable 	
	E$$USS           531703	Global	Relocatable 		E$$VAL           532531	Global	Relocatable 	
	E$$ZSV           533536	Global	Relocatable 		E01LFC           533025	Global	Relocatable 	
	E01LFI           533022	Global	Relocatable 		E01LSS           531017	Global	Relocatable 	
	ENTLEN              452	Global	Relocatable 		EXCL.0           531140	Global	Relocatable 	
	EXECSW             1422	Global	Relocatable 		F.ASZR             1324	Global	Relocatable 	
	FEST               1212	Global	Relocatable Suppressed	FILNUM              715	Global	Relocatable 	
	FX.AB              1046	Global	Relocatable 		G.BFR              1357	Global	Relocatable 	
	G.DIR              1343	Global	Relocatable 		G.NAM              1336	Global	Relocatable 	
	G.NAMM             1337	Global	Relocatable 		G.SNC              1360	Global	Relocatable 	
	GETDDT              527	Global	Relocatable 		HASHSZ              710	Global	Relocatable 	
	LIBPRC              761	Global	Relocatable 		LNKWLD           527603	Entry	Relocatable 	
	LSTBLK             1515	Global	Relocatable 		MAPSRT             1441	Global	Relocatable 	
	MAPSW              1421	Global	Relocatable 		MARKWP              405	Global	Relocatable 	
	MISNG1           531274	Global	Relocatable 		MODTYP              460	Global	Relocatable 	
	NOJBDA             1442	Global	Relocatable 		NOPDMP             1674	Global	Relocatable 	
	NULSPC             1334	Global	Relocatable 		O.DEV              1361	Global	Relocatable 	
	O.DIR              1367	Global	Relocatable 		O.EXT              1364	Global	Relocatable 	
	O.NAM              1362	Global	Relocatable 		O.NAMM             1363	Global	Relocatable 	
	OTSEG              1437	Global	Relocatable 		PPTYPE             1546	Global	Relocatable 	
	PRGPDV              461	Global	Relocatable 		PVFIX            531672	Global	Relocatable 	
	PVPNAM              462	Global	Relocatable 		RC.CUR              423	Global	Relocatable 	
	RC.SET              437	Global	Relocatable 		REDHI               434	Global	Relocatable 	
	REDLO               433	Global	Relocatable 		RESTP1           532700	Global	Relocatable 	
	RUNAME             1412	Global	Relocatable 		RUNCOR             1410	Global	Relocatable 	
	SSEXT              1414	Global	Relocatable 		SSGNAM             1434	Global	Relocatable 	
	SSNAME             1413	Global	Relocatable 		STANAM             1675	Global	Relocatable 	
	STRLSW           530236	Global	Relocatable 		SYMFRM             1427	Global	Relocatable 	
	SYMLIM             1436	Global	Relocatable 		SYMLMS             1435	Global	Relocatable 	
		LINK symbol map of	LINK	version 6(2420)		page 5
LNKWLD
	SYSLB1           532407	Global	Relocatable 		UNDNXT           532357	Global	Relocatable 	
	%DDEBU           530753	Global	Relocatable 		%MAXNO           532645	Global	Relocatable 	
	%PLTTY           531466	Global	Relocatable 		.ERCLF           534171	Global	Relocatable 	
	.ERDNS           534215	Global	Relocatable 		.ERDRC           534007	Global	Relocatable 	
	.ERIMA           534145	Global	Relocatable 		.ERLFC           534163	Global	Relocatable 	
	.ERLFI           534155	Global	Relocatable 		.ERLSS           533653	Global	Relocatable 	
	.ERMSN           534254	Global	Relocatable 		.ERMTB           533700	Global	Relocatable 	
	.ERMTS           533707	Global	Relocatable 		.ERNHN           534317	Global	Relocatable 	
	.EROPL           533761	Global	Relocatable 		.EROSL           534055	Global	Relocatable 	
	.ERRLC           533570	Global	Relocatable 		.ERSRB           534034	Global	Relocatable 	
	.ERSSN           534264	Global	Relocatable 		.ERTDS           533747	Global	Relocatable 	
	.ERUGS           534071	Global	Relocatable 		.ERUSI           534305	Global	Relocatable 	
	.ERUSS           533775	Global	Relocatable 		.ERVAL           534116	Global	Relocatable 	
	.ERZSV           534276	Global	Relocatable 		.ETUGS           532341	Global	Relocatable 	
	.LIM0            532170	Global	Relocatable 		.MAXNO           532645	Global	Relocatable 	
	.SET0            531742	Global	Relocatable 		.SETEX           532115	Global	Relocatable 	

		*************

LNKFIO	from DSK:LNKFIO.REL	created by MACRO on 27-May-88 at 20:11:14
	High segment starts at	534327 ends at	535663 length	  1335 (octal),   733. (decimal)

	CHAN.J             1272	Global	Relocatable 		DVBUF.           534467	Global	Relocatable 	
	DVCEM.           535300	Global	Relocatable 		DVCHK.           534334	Global	Relocatable 	
	DVCHN.           534327	Global	Relocatable 		DVCLS.           535101	Global	Relocatable 	
	DVDEL.           535231	Global	Relocatable 		DVDLF.           535243	Global	Relocatable 	
	DVDPB.           535502	Global	Relocatable 		DVENT.           534756	Global	Relocatable 	
	DVERR.           535546	Global	Relocatable 		DVGFO.           535510	Global	Relocatable 	
	DVINP.           534522	Global	Relocatable 		DVLKP.           534552	Global	Relocatable 	
	DVNAM.           535120	Global	Relocatable 		DVOPN.           534352	Global	Relocatable 	
	DVOUT.           534634	Global	Relocatable 		DVRET.           534412	Global	Relocatable 	
	DVRLS.           535044	Global	Relocatable 		DVRNF.           535306	Global	Relocatable 	
	DVSUP.           535353	Global	Relocatable 		DVTXT.           535443	Global	Relocatable 	
	DVTXT1           535445	Global	Relocatable 		DVUPD.           535131	Global	Relocatable 	
	DVVRG.           534430	Global	Relocatable 		DVZAP.           534404	Global	Relocatable 	
	E$$COF           535541	Global	Relocatable 		E$$IDM           534347	Global	Relocatable 	
	E$$INS           534332	Global	Relocatable 		E01FEE           535534	Global	Relocatable 	
	E01FLE           535540	Global	Relocatable 		E01NED           535523	Global	Relocatable 	
	E01OFD           535520	Global	Relocatable 		ERRJSY              474	Global	Relocatable 	
	FEXT               1205	Global	Relocatable Suppressed	FNAM               1204	Global	Relocatable Suppressed
	LNKFIO           534327	Entry	Relocatable 		LODNAM              747	Global	Relocatable 	
	MCBUF              1235	Global	Relocatable 		MDSCN              1177	Global	Relocatable Suppressed
	O.PROT             1365	Global	Relocatable 		RFLEN              1514	Global	Relocatable 	
	SFDARG             1221	Global	Relocatable 		SFDDIR             1223	Global	Relocatable Suppressed
	UFDPPN             1203	Global	Relocatable Suppressed	%RCBUF             1240	Global	Relocatable 	
	.ERCOF           535657	Global	Relocatable 		.ERIDM           535570	Global	Relocatable 	
	.ERINS           535561	Global	Relocatable 	
		*************

LNKLOD	from DSK:LNKLOD.REL	created by MACRO on 27-May-88 at 20:07:57
	High segment starts at	535664 ends at	544451 length	  6566 (octal),  3446. (decimal)

	ADCHK.           536041	Global	Relocatable 	
	ALGCHK           542515	Global	Relocatable 		ASFILE              441	Global	Relocatable 	
		LINK symbol map of	LINK	version 6(2420)		page 6
LNKLOD
	COERPT              470	Global	Relocatable 		COESP0           541544	Global	Relocatable 	
	COESP1           541575	Global	Relocatable 		COR.FX           536375	Global	Relocatable 	
	CT.BIT           541677	Global	Relocatable 		CT.NAM           541647	Global	Relocatable 	
	CURTYP             1521	Global	Relocatable 		D.CNT            543427	Global	Relocatable 	
	D.ERR            543401	Global	Relocatable 		D.IN1            543371	Global	Relocatable 	
	D.IN2            543367	Global	Relocatable 		D.INP            543375	Global	Relocatable 	
	D.READ           543420	Global	Relocatable 		D.RED1           543414	Global	Relocatable 	
	D.RED2           543411	Global	Relocatable 		DC.JF              1273	Global	Relocatable 	
	E$$AMM           541627	Global	Relocatable 		E$$AMP           543265	Global	Relocatable 	
	E$$ANM           536563	Global	Relocatable 		E$$CCE           541602	Global	Relocatable 	
	E$$CM6           541772	Global	Relocatable 		E$$CM7           541775	Global	Relocatable 	
	E$$CMC           541767	Global	Relocatable 		E$$CMF           541744	Global	Relocatable 	
	E$$CMX           542014	Global	Relocatable 		E$$DUZ           537105	Global	Relocatable 	
	E$$FCF           536405	Global	Relocatable 		E$$FTH           540022	Global	Relocatable 	
	E$$IRB           535751	Global	Relocatable 		E$$ISP           537173	Global	Relocatable 	
	E$$IVC           540111	Global	Relocatable 		E$$LDS           535670	Global	Relocatable 	
	E$$LMM           541616	Global	Relocatable 		E$$MDS           540173	Global	Relocatable 	
	E$$NEB           543534	Global	Relocatable 		E$$NSM           535714	Global	Relocatable 	
	E$$NVR           541610	Global	Relocatable 		E$$PMA           541624	Global	Relocatable 	
	E$$POV           542427	Global	Relocatable 		E$$SIF           537060	Global	Relocatable 	
	E$$SMP           543303	Global	Relocatable 		E$$SNS           542024	Global	Relocatable 	
	E$$TMM           541621	Global	Relocatable 		E$$URV           541613	Global	Relocatable 	
	E$$USA           542224	Global	Relocatable 		E$$UUA           542245	Global	Relocatable 	
	E$$WNA           541605	Global	Relocatable 		E01EIF           543403	Global	Relocatable 	
	E01UGS           542327	Global	Relocatable 		EOF              543506	Global	Relocatable 	
	EOF1             543511	Global	Relocatable 		FS.SS               575	Global	Relocatable 	
	FX.S0               572	Global	Relocatable Suppressed	FXC.S0              576	Global	Relocatable Suppressed
	FXREAD           542132	Global	Relocatable 		FXSPTR              602	Global	Relocatable 	
	FXT.S0              576	Global	Relocatable 		GO               542171	Global	Relocatable 	
	GS.FX0           540443	Global	Relocatable 		HP.S1               571	Global	Relocatable 	
	HP.S2               572	Global	Relocatable 		INSRT            536766	Global	Relocatable 	
	LIBPTR              755	Global	Relocatable 		LIBRAR           542621	Global	Relocatable 	
	LL.S0               566	Global	Relocatable Suppressed	LNKLOD           535664	Entry	Relocatable 	
	LOAD             535722	Global	Relocatable 		LOD37              1503	Global	Relocatable 	
	LODFIX           542444	Global	Relocatable 		LODTST           535677	Global	Relocatable 	
	LS.ADD           536612	Global	Relocatable 		LS.ADE           536715	Global	Relocatable 	
	LW.AS               646	Global	Relocatable 		LW.FX               651	Global	Relocatable 	
	LW.S0               643	Global	Relocatable Suppressed	LW.S2               645	Global	Relocatable Suppressed
	LW.TP               652	Global	Relocatable 		MSYM               1666	Global	Relocatable 	
	NOCMX               455	Global	Relocatable 		OWNLNG             1504	Global	Relocatable 	
	PAG.AS              660	Global	Relocatable Suppressed	PAG.FX              663	Global	Relocatable Suppressed
	PAG.S0              655	Global	Relocatable Suppressed	PAG.TP              664	Global	Relocatable Suppressed
	PASDFL             1432	Global	Relocatable 		PG.HSG           536064	Global	Relocatable 	
	PG.LSG           536051	Global	Relocatable 		PRGPTR              754	Global	Relocatable 	
	PROCSN              760	Global	Relocatable 		RDSKP            543464	Global	Relocatable 	
	SEGCHK           540415	Global	Relocatable 		SGCHK.           536007	Global	Relocatable 	
	SY.AD0           537204	Global	Relocatable 		SY.AS0           540211	Global	Relocatable 	
	SY.AST           540266	Global	Relocatable 		SY.CHE           540042	Global	Relocatable 	
	SY.CHF           540027	Global	Relocatable 		SY.CHK           540372	Global	Relocatable 	
	SY.CHL           537771	Global	Relocatable 		SY.CHP           540055	Global	Relocatable 	
	SY.CHR           537740	Global	Relocatable 		SY.FX0           540471	Global	Relocatable 	
	SY.GS0           536760	Global	Relocatable 		SY.GX0           540465	Global	Relocatable 	
	SY.MDS           540163	Global	Relocatable 		SY.MOV           540314	Global	Relocatable 	
	SY.RET           540411	Global	Relocatable 		SY.RF            537062	Global	Relocatable 	
		LINK symbol map of	LINK	version 6(2420)		page 7
LNKLOD
	SY.RLS           540500	Global	Relocatable 		SY.STF           537326	Global	Relocatable 	
	SY.TYP           540602	Global	Relocatable 		SYMFLG             1520	Global	Relocatable 	
	SYTYP            540614	Global	Relocatable 		T.LOAD           535717	Global	Relocatable 	
	T11BP              1510	Global	Relocatable 		T11FA              1507	Global	Relocatable 	
	T3HOLD           542027	Global	Relocatable 		T5FIN            542155	Global	Relocatable 	
	TAB.AB             1040	Global	Relocatable 		TAB.UB             1052	Global	Relocatable 	
	TP.AB              1047	Global	Relocatable 		TP.LB              1035	Global	Relocatable 	
	TP.UB              1061	Global	Relocatable 		TPGCNT              472	Global	Relocatable 	
	TPPTR               473	Global	Relocatable 		UW.AS               660	Global	Relocatable 	
	UW.S0               655	Global	Relocatable Suppressed	UW.S2               657	Global	Relocatable Suppressed
	UW.TP               664	Global	Relocatable 		XBUF               1243	Global	Relocatable 	
	Z.INEX           535761	Global	Relocatable 		ZXBUF            543555	Global	Relocatable 	
	.ERAMM           544150	Global	Relocatable 		.ERAMP           544356	Global	Relocatable 	
	.ERANM           543644	Global	Relocatable 		.ERCCE           544071	Global	Relocatable 	
	.ERCM6           544223	Global	Relocatable 		.ERCM7           544235	Global	Relocatable 	
	.ERCMC           544210	Global	Relocatable 		.ERCMF           544200	Global	Relocatable 	
	.ERCMX           544247	Global	Relocatable 		.ERDUZ           543701	Global	Relocatable 	
	.ERFCF           543630	Global	Relocatable 		.ERFTH           543752	Global	Relocatable 	
	.ERIRB           543576	Global	Relocatable 		.ERISP           543720	Global	Relocatable 	
	.ERIVC           543771	Global	Relocatable 		.ERLDS           543561	Global	Relocatable 	
	.ERLMM           544126	Global	Relocatable 		.ERMDS           544004	Global	Relocatable 	
	.ERNEB           544445	Global	Relocatable 		.ERNSM           543565	Global	Relocatable 	
	.ERNVR           544111	Global	Relocatable 		.ERPCD           544407	Global	Relocatable 	
	.ERPMA           544141	Global	Relocatable 		.ERPOV           544326	Global	Relocatable 	
	.ERSIF           543663	Global	Relocatable 		.ERSMP           544371	Global	Relocatable 	
	.ERSNS           544266	Global	Relocatable 		.ERTMM           544134	Global	Relocatable 	
	.ERURV           544120	Global	Relocatable 		.ERUSA           544276	Global	Relocatable 	
	.ERUUA           544304	Global	Relocatable 		.ERWNA           544102	Global	Relocatable 	

		*************

LNKHSH	from DSK:LNKHSH.REL	created by MACRO on 27-May-88 at 20:08:01
	High segment starts at	544452 ends at	544723 length	   252 (octal),   170. (decimal)

	E$$ISN           544666	Global	Relocatable 		E$$RGS           544613	Global	Relocatable 	
	TRYSYM           544452	Entry	Relocatable 		.ERISN           544716	Global	Relocatable 	
	.ERRGS           544704	Global	Relocatable 	
		*************

LNKOLD	from DSK:LNKOLD.REL	created by MACRO on 27-May-88 at 20:09:29
	High segment starts at	544724 ends at	554217 length	  7274 (octal),  3772. (decimal)

	BADCOR              456	Global	Relocatable 	
	BLCOMM             1502	Global	Relocatable 		CHKSEG           553270	Global	Relocatable 	
	CHKSZ0           545355	Global	Relocatable 		COMPDT              465	Global	Relocatable 	
	CTYPE               757	Global	Relocatable 		DESTB            551263	Global	Relocatable 	
	E$$AIC           550234	Global	Relocatable 		E$$CCD           550001	Global	Relocatable 	
	E$$CMP           552230	Global	Relocatable 		E$$COE           552521	Global	Relocatable 	
	E$$CPU           550005	Global	Relocatable 		E$$DSC           545434	Global	Relocatable 	
	E$$DSL           545312	Global	Relocatable 		E$$HCL           546511	Global	Relocatable 	
	E$$HSL           547141	Global	Relocatable 		E$$ICB           551677	Global	Relocatable 	
	E$$IPO           551217	Global	Relocatable 		E$$IPX           550670	Global	Relocatable 	
	E$$ISM           550673	Global	Relocatable 		E$$JPB           550662	Global	Relocatable 	
	E$$LII           551721	Global	Relocatable 		E$$LMN           550010	Global	Relocatable 	
		LINK symbol map of	LINK	version 6(2420)		page 8
LNKOLD
	E$$MPT           552560	Global	Relocatable 		E$$NAP           550676	Global	Relocatable 	
	E$$NSO           550615	Global	Relocatable 		E$$PBI           547704	Global	Relocatable 	
	E$$PEL           545374	Global	Relocatable 		E$$POP           552642	Global	Relocatable 	
	E$$PTL           545406	Global	Relocatable 		E$$RBS           553300	Global	Relocatable 	
	E$$RWA           552533	Global	Relocatable 		E$$SNC           552245	Global	Relocatable 	
	E$$SRP           553260	Global	Relocatable 		E$$T13           551704	Global	Relocatable 	
	E$$UAR           552703	Global	Relocatable 		E$$UNS           553105	Global	Relocatable 	
	E$$URC           545556	Global	Relocatable 		E01AIC           552240	Global	Relocatable 	
	E01CNW           545446	Global	Relocatable 		E01DSL           545322	Global	Relocatable 	
	E01IPO           551523	Global	Relocatable 		E01IPX           552563	Global	Relocatable 	
	E01PBI           547713	Global	Relocatable 		E01SFU           546575	Global	Relocatable 	
	E02CNW           546500	Global	Relocatable 		E02EIF           553027	Global	Relocatable 	
	E02FLE           553024	Global	Relocatable 		E02LMN           553044	Global	Relocatable 	
	E02SFU           547701	Global	Relocatable 		ENTPTR              772	Global	Relocatable 	
	EXCCHK           550140	Global	Relocatable 		FCRE               1206	Global	Relocatable Suppressed
	HC.AB              1042	Global	Relocatable 		HC.JF              1300	Global	Relocatable 	
	HC.S1               560	Global	Relocatable 		HC.S2               561	Global	Relocatable 	
	HC.UB              1054	Global	Relocatable 		INCCHK           550106	Global	Relocatable 	
	LC.FR              1077	Global	Relocatable 		LNKOLD           545004	Entry	Relocatable 	
	LSTLRV              453	Global	Relocatable 		LSTRRV              446	Global	Relocatable 	
	LW.HC               645	Global	Relocatable 		OPTAB            551310	Global	Relocatable 	
	PAG.S2              657	Global	Relocatable Suppressed	POLLEN              705	Global	Relocatable 	
	POLSTK              704	Global	Relocatable 		PRGBLK              733	Global	Relocatable 	
	R.CUR            553222	Global	Relocatable 		R.ERR            553253	Global	Relocatable 	
	R50T6            545616	Global	Relocatable 		RB.1             553121	Global	Relocatable 	
	RB.2             553112	Global	Relocatable 		SEGPTR              767	Global	Relocatable 	
	SET.ST           550405	Global	Relocatable 		SETRC            546764	Global	Relocatable 	
	SLOT2               432	Global	Relocatable 		SO.S2               566	Global	Relocatable 	
	SVSAT              1511	Global	Relocatable 		SY.AS            546175	Global	Relocatable 	
	SY.ASP           551534	Global	Relocatable 		SY.BH            546013	Global	Relocatable 	
	SY.DGL           546020	Global	Relocatable 		SY.DGR           546025	Global	Relocatable 	
	SY.GS            545726	Global	Relocatable 		SY.LS            546005	Global	Relocatable 	
	SY.QS            546321	Global	Relocatable 		SY.RA            546434	Global	Relocatable 	
	SY.RC0           546143	Global	Relocatable 		SY.RQ            546137	Global	Relocatable 	
	SY.RQ2           546273	Global	Relocatable 		SY.RU1           546401	Global	Relocatable 	
	SY.RU3           546375	Global	Relocatable 		SY.RUH           546500	Global	Relocatable 	
	T.11EV           551130	Global	Relocatable 		T.11PD           551161	Global	Relocatable 	
	T.11PL           551171	Global	Relocatable 		T.11RT           551503	Global	Relocatable 	
	T.14B            551745	Global	Relocatable 		T.1AD            545114	Global	Relocatable 	
	T.1DP            545333	Global	Relocatable 		T.1OVE           545307	Global	Relocatable 	
	T.1S6            545416	Global	Relocatable 		T.1SE            545430	Global	Relocatable 	
	T.24B            552500	Global	Relocatable 		T.2STB           545565	Global	Relocatable 	
	T.2TAB           545536	Global	Relocatable 		T.5ENT           547504	Global	Relocatable 	
	T.5F40           547274	Global	Relocatable 		T.6RC            550330	Global	Relocatable 	
	T.6RED           550310	Global	Relocatable 		T.774            552712	Global	Relocatable Suppressed
	T.775            552712	Global	Relocatable Suppressed	T.776            552712	Global	Relocatable 	
	T.COMM           552172	Global	Relocatable 		T.COMR           552163	Global	Relocatable 	
	T.RQST           552117	Global	Relocatable 		T11CHF           551616	Global	Relocatable 	
	T11CHL           551610	Global	Relocatable 		T11CHR           551602	Global	Relocatable 	
	T11SYF           551533	Global	Relocatable 		T11SYL           551531	Global	Relocatable 	
	T11SYR           551527	Global	Relocatable 		TOOBIG           545364	Global	Relocatable 	
	TTLREL           550244	Global	Relocatable 		TTLRLC           550272	Global	Relocatable 	
	UW.HC               657	Global	Relocatable 		.ERAIC           553565	Global	Relocatable 	
	.ERCCD           553512	Global	Relocatable 		.ERCMP           554004	Global	Relocatable 	
		LINK symbol map of	LINK	version 6(2420)		page 9
LNKOLD
	.ERCOE           554046	Global	Relocatable 		.ERCPU           553516	Global	Relocatable 	
	.ERDSC           553340	Global	Relocatable 		.ERDSL           553305	Global	Relocatable 	
	.ERHCL           553402	Global	Relocatable 		.ERHSL           553422	Global	Relocatable 	
	.ERICB           553743	Global	Relocatable 		.ERIPO           553730	Global	Relocatable 	
	.ERIPX           553644	Global	Relocatable 		.ERISM           553651	Global	Relocatable 	
	.ERJPB           553635	Global	Relocatable 		.ERLII           553770	Global	Relocatable 	
	.ERLMN           553527	Global	Relocatable 		.ERMPT           554101	Global	Relocatable 	
	.ERNAP           553670	Global	Relocatable 		.ERNSO           553616	Global	Relocatable 	
	.ERPBI           553500	Global	Relocatable 		.ERPEL           553322	Global	Relocatable 	
	.ERPOP           554116	Global	Relocatable 		.ERPTL           553332	Global	Relocatable 	
	.ERRBS           554210	Global	Relocatable 		.ERRWA           554064	Global	Relocatable 	
	.ERSNC           554017	Global	Relocatable 		.ERSRP           554175	Global	Relocatable 	
	.ERT13           553756	Global	Relocatable 		.ERUAR           554130	Global	Relocatable 	
	.ERUNS           554147	Global	Relocatable 		.ERURC           553350	Global	Relocatable 	

		*************

LNKNEW	from DSK:LNKNEW.REL	created by MACRO on 27-May-88 at 20:10:19
	High segment starts at	554220 ends at	561143 length	  4724 (octal),  2516. (decimal)

	AS.FR              1101	Global	Relocatable 		AS.PT              1067	Global	Relocatable 	
	ASCRET           557203	Global	Relocatable 		ASYM                442	Global	Relocatable 	
	D.GET1           557330	Global	Relocatable 		D.REL1           557305	Global	Relocatable 	
	D.REL2           557302	Global	Relocatable 		D.TRIP           557270	Global	Relocatable 	
	E$$IRC           557325	Global	Relocatable 		E$$IRR           555404	Global	Relocatable 	
	E$$PEF           557337	Global	Relocatable 		E$$STL           557103	Global	Relocatable 	
	E$$UCB           555552	Global	Relocatable 		E$$USD           560563	Global	Relocatable 	
	LNKASC           557136	Global	Relocatable 		LNKNEW           554311	Entry	Relocatable 	
	NAMBLK              717	Global	Relocatable 		NORBYT              471	Global	Relocatable 	
	REL.1            557343	Global	Relocatable 		RELSIZ              440	Global	Relocatable 	
	SAVCOD             1516	Global	Relocatable 		STDATA           560571	Global	Relocatable 	
	SYMBLK              774	Global	Relocatable 		T.1010           555140	Global	Relocatable 	
	T.1011           555144	Global	Relocatable 		T.1012           555150	Global	Relocatable 	
	T.1013           555154	Global	Relocatable 		T.1014           555160	Global	Relocatable 	
	T.1020           555164	Global	Relocatable 		T.1021           555170	Global	Relocatable 	
	T.1022           555174	Global	Relocatable 		T.1023           555200	Global	Relocatable 	
	T.1030           555204	Global	Relocatable 		T.1031           555210	Global	Relocatable 	
	T.1032           555214	Global	Relocatable 		T.1033           555220	Global	Relocatable 	
	T.1034           555224	Global	Relocatable 		T.1045           555441	Global	Relocatable 	
	T.1074           557106	Global	Relocatable 		T.1100           557455	Global	Relocatable 	
	T.1101           557464	Global	Relocatable 		T.1102           557473	Global	Relocatable 	
	T.1103           557502	Global	Relocatable 		T.1104           557511	Global	Relocatable 	
	T.1120           557523	Global	Relocatable 		T.1121           557533	Global	Relocatable 	
	T.1122           557543	Global	Relocatable 		T.1123           557553	Global	Relocatable 	
	T.1124           557563	Global	Relocatable 		T.1130           557643	Global	Relocatable 	
	T.11XX           557420	Global	Relocatable 		T1004U           555125	Global	Relocatable 	
	T1072E           556747	Global	Relocatable 		TAB.LW              643	Global	Relocatable 	
	TAB.UW              655	Global	Relocatable 		TP.PP              1155	Global	Relocatable 	
	VALBLK             1010	Global	Relocatable 		WRTPTR           555557	Global	Relocatable 	
	X72CHE           557071	Global	Relocatable 		.ERIRC           561021	Global	Relocatable 	
	.ERIRR           560666	Global	Relocatable 		.ERPEF           561030	Global	Relocatable 	
	.ERSTL           561011	Global	Relocatable 		.ERUCB           560706	Global	Relocatable 	
	.ERUSB           560617	Global	Relocatable 		.ERUSD           561130	Global	Relocatable 	

		LINK symbol map of	LINK	version 6(2420)		page 10

		*************

LNKCST	from DSK:LNKCST.REL	created by MACRO on 27-May-88 at 20:10:21
	High segment starts at	561144 ends at	561200 length	    35 (octal),    29. (decimal)

	LNKCST           561147	Entry	Relocatable 	
		*************

LNKCOR	from DSK:LNKCOR.REL	created by MACRO on 27-May-88 at 20:11:00
	High segment starts at	561201 ends at	564734 length	  3534 (octal),  1884. (decimal)

	AS.AB              1043	Global	Relocatable 	
	AS.DMP           564007	Global	Relocatable 		AS.GBC           562427	Global	Relocatable 	
	AS.GET           562051	Global	Relocatable 		AS.IN            563554	Global	Relocatable 	
	AS.OUT           563353	Global	Relocatable 		AS.REM           562660	Global	Relocatable 	
	AS.RET           562322	Global	Relocatable 		AS.TST           562604	Global	Relocatable 	
	BG.GBC           562446	Global	Relocatable 		BG.GET           562074	Global	Relocatable 	
	BG.REM           562677	Global	Relocatable 		BG.RET           562341	Global	Relocatable 	
	BG.TST           562623	Global	Relocatable 		COREFL              765	Global	Relocatable 	
	CRTMP1              447	Global	Relocatable 		CRTMP2              450	Global	Relocatable 	
	CRTMP3              451	Global	Relocatable 		DY.GBC           562416	Global	Relocatable 	
	DY.GET           562036	Global	Relocatable 		DY.REM           562645	Global	Relocatable 	
	DY.RET           562307	Global	Relocatable 		DY.TST           562567	Global	Relocatable 	
	E$$AZW           562103	Global	Relocatable 		E$$CBO           563503	Global	Relocatable 	
	E$$CCS           563477	Global	Relocatable 		E$$CRS           563675	Global	Relocatable 	
	E$$EAS           563720	Global	Relocatable 		E$$ELS           563713	Global	Relocatable 	
	E$$ETP           563725	Global	Relocatable 		E$$IAS           563557	Global	Relocatable 	
	E$$IHC           563533	Global	Relocatable 		E$$ILC           563522	Global	Relocatable 	
	E$$ILS           563544	Global	Relocatable 		E$$ITP           563572	Global	Relocatable 	
	E$$MEF           561255	Global	Relocatable 		E$$MMF           564412	Global	Relocatable 	
	E$$MOV           561263	Global	Relocatable 		E$$OAS           563356	Global	Relocatable 	
	E$$OHC           563334	Global	Relocatable 		E$$OLC           563324	Global	Relocatable 	
	E$$OLS           563344	Global	Relocatable 		E$$OTP           563370	Global	Relocatable 	
	E$$PAS           563667	Global	Relocatable 		E$$PLS           563664	Global	Relocatable 	
	E$$PTP           563672	Global	Relocatable 		E$$RUM           562406	Global	Relocatable 	
	E$$SFU           564406	Global	Relocatable 		EXPNG            563246	Global	Relocatable 	
	FR.CNT           562006	Global	Relocatable 		FX.GBC           562440	Global	Relocatable 	
	FX.GET           562062	Global	Relocatable 		FX.REM           562671	Global	Relocatable 	
	FX.RET           562333	Global	Relocatable 		FX.TST           562615	Global	Relocatable 	
	GBCK.L           562742	Global	Relocatable 		GS.GBC           562451	Global	Relocatable 	
	GS.GET           562077	Global	Relocatable 		GS.REM           562702	Global	Relocatable 	
	GS.RET           562344	Global	Relocatable 		GS.TST           562626	Global	Relocatable 	
	HC.GBC           562424	Global	Relocatable 		HC.GET           562046	Global	Relocatable 	
	HC.IN            563530	Global	Relocatable 		HC.OUT           563331	Global	Relocatable 	
	HC.REM           562655	Global	Relocatable 		HC.RET           562317	Global	Relocatable 	
	HC.TST           562601	Global	Relocatable 		LA.DMP           564034	Global	Relocatable 	
	LC.GBC           562421	Global	Relocatable 		LC.GET           562043	Global	Relocatable 	
	LC.IN            563517	Global	Relocatable 		LC.OUT           563321	Global	Relocatable 	
	LC.REM           562652	Global	Relocatable 		LC.RET           562314	Global	Relocatable 	
	LC.TST           562576	Global	Relocatable 		LNKCOR           561201	Entry	Relocatable 	
	LS.DMP           563732	Global	Relocatable 		LS.FXR           564102	Global	Relocatable 	
	LS.GBC           562435	Global	Relocatable 		LS.GET           562057	Global	Relocatable 	
	LS.IN            563541	Global	Relocatable 		LS.OUT           563341	Global	Relocatable 	
	LS.PP              1153	Global	Relocatable 		LS.REM           562666	Global	Relocatable 	
		LINK symbol map of	LINK	version 6(2420)		page 11
LNKCOR
	LS.RET           562330	Global	Relocatable 		LS.TST           562612	Global	Relocatable 	
	NEWSCT           563447	Global	Relocatable 		POPOFS              444	Global	Relocatable 	
	RT.GBC           562432	Global	Relocatable 		RT.GET           562054	Global	Relocatable 	
	RT.REM           562663	Global	Relocatable 		RT.RET           562325	Global	Relocatable 	
	RT.TST           562607	Global	Relocatable 		TAB.FR             1076	Global	Relocatable 	
	TAB.HB              667	Global	Relocatable 		TAB.NB             1110	Global	Relocatable 	
	TAB.PG              655	Global	Relocatable Suppressed	TAB.PT             1064	Global	Relocatable 	
	TAB.ZE             1160	Global	Relocatable 		TB.FSP             1134	Global	Relocatable 	
	TB.IN            563602	Global	Relocatable 		TB.JFD           561434	Global	Relocatable 	
	TB.LNK             1122	Global	Relocatable 		TB.OUT           563614	Global	Relocatable 	
	TP.DMP           563762	Global	Relocatable 		TP.GBC           562443	Global	Relocatable 	
	TP.GET           562067	Global	Relocatable 		TP.IN            563567	Global	Relocatable 	
	TP.OUT           563365	Global	Relocatable 		TP.REM           562674	Global	Relocatable 	
	TP.RET           562336	Global	Relocatable 		TP.TST           562620	Global	Relocatable 	
	XX.INI           562212	Global	Relocatable 		XX.ZAP           562706	Global	Relocatable 	
	.ERAZW           564450	Global	Relocatable 		.ERCBO           564544	Global	Relocatable 	
	.ERCCS           564536	Global	Relocatable 		.ERCRS           564644	Global	Relocatable 	
	.EREAS           564664	Global	Relocatable 		.ERELS           564652	Global	Relocatable 	
	.ERETP           564676	Global	Relocatable 		.ERIAS           564603	Global	Relocatable 	
	.ERIHC           564564	Global	Relocatable 		.ERILC           564556	Global	Relocatable 	
	.ERILS           564572	Global	Relocatable 		.ERITP           564611	Global	Relocatable 	
	.ERMEF           564414	Global	Relocatable 		.ERMMF           564727	Global	Relocatable 	
	.ERMOV           564423	Global	Relocatable 		.EROAS           564521	Global	Relocatable 	
	.EROHC           564503	Global	Relocatable 		.EROLC           564475	Global	Relocatable 	
	.EROLS           564511	Global	Relocatable 		.EROTP           564527	Global	Relocatable 	
	.ERPAS           564626	Global	Relocatable 		.ERPLS           564617	Global	Relocatable 	
	.ERPTP           564635	Global	Relocatable 		.ERRUM           564457	Global	Relocatable 	
	.ERSFU           564721	Global	Relocatable 		.GBCSP           562454	Global	Relocatable 	
	.GETSP           562102	Global	Relocatable 		.REMSP           562705	Entry	Relocatable 	
	.RETSP           562347	Global	Relocatable 		.TSTSP           562631	Entry	Relocatable 	

		*************

LNKERR	from DSK:LNKERR.REL	created by MACRO on 27-May-88 at 20:12:34
	High segment starts at	564735 ends at	607211 length	 22255 (octal),  9389. (decimal)

	ERRCOD             1450	Global	Relocatable 		LNKERR           564735	Entry	Relocatable 	
	TABCHR              457	Global	Relocatable 		.RPOPJ           565047	Global	Relocatable 	

		*************

LNKLOG	from DSK:LNKLOG.REL	created by MACRO on 27-May-88 at 20:11:34
	High segment starts at	607212 ends at	611345 length	  2134 (octal),  1116. (decimal)

	E$$UMF           610610	Global	Relocatable 		ER.FIN           607256	Global	Relocatable 	
	ERCHAN             1500	Global	Relocatable 		FILBLK              530	Global	Relocatable 	
	JSERR            610571	Global	Relocatable 		LNKLOG           607236	Entry	Relocatable 	
	LOGOUT           610214	Global	Relocatable 		PRTMSG             1501	Global	Relocatable 	
	RTNPC              1477	Global	Relocatable 		TTYCHK           610173	Global	Relocatable 	
	TTYOUT           610206	Global	Relocatable 		%%UUO            607235	Global	Relocatable 	
	.ERCNW           610432	Global	Relocatable 		.EREIF           610424	Global	Relocatable 	
	.ERFEE           610370	Global	Relocatable 		.ERFLE           610374	Global	Relocatable 	
	.ERFRE           610400	Global	Relocatable 		.ERGSE           610404	Global	Relocatable 	
	.ERNED           610410	Global	Relocatable 		.EROFD           610416	Global	Relocatable 	
		LINK symbol map of	LINK	version 6(2420)		page 12
LNKLOG
	.ERUIE           611320	Global	Relocatable 		.ERUMF           611333	Global	Relocatable 	
	.ETDON           610567	Global	Relocatable 		.ETIMF           610531	Global	Relocatable 	
	.ETLNN           610551	Global	Relocatable 		.ETNMF           610541	Global	Relocatable 	
	.ETSAV           610560	Global	Relocatable 		.TEBLK           610245	Global	Relocatable 	
	.TSYMB           610322	Global	Relocatable 		.TULCS           610344	Global	Relocatable 	

		*************

LNKMAP	from DSK:LNKMAP.REL	created by MACRO on 27-May-88 at 20:13:21
	High segment starts at	611346 ends at	615355 length	  4010 (octal),  2056. (decimal)

	E$$EMS           614600	Global	Relocatable 		E$$MPS           611347	Global	Relocatable 	
	E$$OEM           613667	Global	Relocatable 		E$$TTF           613365	Global	Relocatable 	
	LL.S1               567	Global	Relocatable 		LNKMAP           611346	Entry	Relocatable 	
	LNKNO.             1615	Global	Relocatable 		OV.S2              1661	Global	Relocatable 	
	PV.S2              1663	Global	Relocatable 		.EREMS           615342	Global	Relocatable 	
	.ERMPS           614657	Global	Relocatable 		.EROEM           615164	Global	Relocatable 	
	.ERTTF           615132	Global	Relocatable 	
		*************

LNKOV2	from DSK:LNKOV2.REL	created by MACRO on 27-May-88 at 20:15:28
	High segment starts at	615356 ends at	617661 length	  2304 (octal),  1220. (decimal)

	DI                 1547	Global	Relocatable 	
	E$$ABT           617013	Global	Relocatable 		E$$ARL           616233	Global	Relocatable 	
	E$$OS2           615357	Global	Relocatable 		E$$SNP           616057	Global	Relocatable 	
	E$$TMA           616450	Global	Relocatable 		E$$USC           616044	Global	Relocatable 	
	INPH             617327	Global	Relocatable 		LNKOV2           615356	Entry	Relocatable 	
	OVLOFF             1625	Global	Relocatable 		RDCST            617224	Global	Relocatable 	
	TMAMAX             1631	Global	Relocatable 		.ERABT           617641	Global	Relocatable 	
	.ERARL           617607	Global	Relocatable 		.EROS2           617525	Global	Relocatable 	
	.ERSNP           617561	Global	Relocatable 		.ERTMA           617625	Global	Relocatable 	
	.ERUSC           617550	Global	Relocatable 	
		*************

LNKOVS	from DSK:LNKOVS.REL	created by MACRO on 27-May-88 at 20:15:38
	High segment starts at	617662 ends at	620064 length	   203 (octal),   131. (decimal)

	E$$IOV           620023	Global	Relocatable 	
	E$$LNM           620031	Global	Relocatable 		E$$OOV           620026	Global	Relocatable 	
	PHIOWD           620021	Global	Relocatable 		RT.INC           620007	Global	Relocatable 	
	RT.P2            617742	Global	Relocatable 		RT.P3            617755	Global	Relocatable 	
	TR.WLK           617662	Entry	Relocatable 		.ERIOV           620040	Global	Relocatable 	
	.ERLNM           620056	Global	Relocatable 		.EROOV           620047	Global	Relocatable 	

		*************

LNKXIT	from DSK:LNKXIT.REL	created by MACRO on 27-May-88 at 20:14:35
	High segment starts at	620065 ends at	624721 length	  4635 (octal),  2461. (decimal)

	DVMOV.           624002	Global	Relocatable 		E$$CFS           620072	Global	Relocatable 	
	E$$CSF           623572	Global	Relocatable 		E$$DEB           623775	Global	Relocatable 	
	E$$ECE           623674	Global	Relocatable 		E$$ELF           623745	Global	Relocatable 	
	E$$EOE           623701	Global	Relocatable 		E$$EOI           624131	Global	Relocatable 	
		LINK symbol map of	LINK	version 6(2420)		page 13
LNKXIT
	E$$EOO           624126	Global	Relocatable 		E$$EXS           620066	Global	Relocatable 	
	E$$FIN           623737	Global	Relocatable 		E$$ISS           622153	Global	Relocatable 	
	E$$NPD           622711	Global	Relocatable 		E$$NPP           620527	Global	Relocatable 	
	E$$NPS           621246	Global	Relocatable 		E$$OES           622313	Global	Relocatable 	
	E$$SPF           623411	Global	Relocatable 		E$$SST           620641	Global	Relocatable 	
	E$$STC           621001	Global	Relocatable 		E$$XCT           623770	Global	Relocatable 	
	E01FRE           623722	Global	Relocatable 		E01OES           622435	Global	Relocatable 	
	E02DLT           623633	Global	Relocatable 		E02FRE           623761	Global	Relocatable 	
	E02NSA           623637	Global	Relocatable 		E03CNW           622025	Global	Relocatable 	
	E03FRE           624016	Global	Relocatable 		ENDSAV           623725	Global	Relocatable 	
	LNKXIT           620065	Entry	Relocatable 		LSLOOP           621617	Global	Relocatable 	
	LSOVX            621560	Global	Relocatable 		PDVADR              466	Global	Relocatable 	
	PVPLIM              464	Global	Relocatable 		PVPSEG              463	Global	Relocatable 	
	.ERCFS           624222	Global	Relocatable 		.ERCLD           624663	Global	Relocatable 	
	.ERCSF           624543	Global	Relocatable 		.ERCSP           624706	Global	Relocatable 	
	.ERDEB           624643	Global	Relocatable 		.ERDLT           624564	Global	Relocatable 	
	.ERDNA           624673	Global	Relocatable 		.ERECE           624576	Global	Relocatable 	
	.ERELF           624633	Global	Relocatable 		.EREOE           624604	Global	Relocatable 	
	.EREOI           624657	Global	Relocatable 		.EREOO           624652	Global	Relocatable 	
	.EREXS           624216	Global	Relocatable 		.ERFIN           624627	Global	Relocatable 	
	.ERISS           624330	Global	Relocatable 		.ERNFS           624700	Global	Relocatable 	
	.ERNPD           624377	Global	Relocatable 		.ERNPP           624237	Global	Relocatable 	
	.ERNPS           624275	Global	Relocatable 		.ERNSA           624571	Global	Relocatable 	
	.EROES           624354	Global	Relocatable 		.ERSPF           624462	Global	Relocatable 	
	.ERSST           624254	Global	Relocatable 		.ERSTC           624266	Global	Relocatable 	
	.ERXCT           624641	Global	Relocatable 	
		*************

LNKPLT	from DSK:LNKPLT.REL	created by MACRO on 27-May-88 at 20:15:31
	High segment starts at	624722 ends at	625202 length	   261 (octal),   177. (decimal)

	CORFUL              714	Global	Relocatable 	
	E$$POT           624731	Global	Relocatable 		GETSON           625076	Entry	Relocatable 	
	INCHES             1543	Global	Relocatable 		LEAVES             1544	Global	Relocatable 	
	LNKPLT           624730	Entry	Relocatable 		STEPS              1545	Global	Relocatable 	
	.ERPOT           625166	Global	Relocatable 		.TEMP2              246	Global	Relocatable 	

		*************

LNKPRM	from DSK:LNKSUB.REL	created by MACRO on 27-May-88 at 20:15:43
	High segment starts at	625203 ends at	625260 length	    56 (octal),    46. (decimal)

	E$$HTL           625216	Global	Relocatable 		NPRIME           625203	Entry	Relocatable 	
	.ERHTL           625252	Global	Relocatable 	
		*************

.TSUBS	from DSK:LNKSUB.REL	created by MACRO on 27-May-88 at 20:15:43
	High segment starts at	625261 ends at	625350 length	    70 (octal),    56. (decimal)

	.T6OCT           625276	Entry	Relocatable 	
	.T6ZOC           625310	Entry	Relocatable 		.TDEP            625323	Entry	Relocatable 	
	.TFOCT           625261	Entry	Relocatable 		.TOEP            625332	Entry	Relocatable 	
	.TSIXB           625341	Entry	Relocatable 	
		*************
		LINK symbol map of	LINK	version 6(2420)		page 14


NAMCMP	from DSK:LNKSUB.REL	created by MACRO on 27-May-88 at 20:15:43
	High segment starts at	625351 ends at	625410 length	    40 (octal),    32. (decimal)

	NAMCMP           625351	Entry	Relocatable 	

		*************

LNK400	from DSK:LNKSUB.REL	created by MACRO on 27-May-88 at 20:15:43
	High segment starts at	625411 ends at	625424 length	    14 (octal),    12. (decimal)

	E$$OFN           625411	Global	Relocatable 		LNKF40           625411	Entry	Relocatable 	
	T.400            625411	Global	Relocatable 		T.401            625411	Global	Relocatable 	
	.EROFN           625414	Global	Relocatable 	
		*************

PLTO..	from DSK:PLTDCL.REL	created by MACRO on 27-May-88 at 20:15:52
	High segment starts at	625425 ends at	626715 length	  1271 (octal),   697. (decimal)

	PLTO.C           626670	Global	Relocatable 	
	PLTO.F           626571	Global	Relocatable 		PLTO.G              140	Global	Relocatable 	
	PLTO.L           626670	Global	Relocatable 		PLTO.O              140	Global	Relocatable 	
	PLTO.P           626670	Global	Relocatable 	
		*************

PLTUTL	from DSK:PLTUTL.REL	created by MACRO on 27-May-88 at 20:16:23
	High segment starts at	626716 ends at	627534 length	   617 (octal),   399. (decimal)

	PLTINI           626747	Entry	Relocatable 	
	PLTLIN           627353	Entry	Relocatable 		PLTORI           626716	Entry	Relocatable 	
	PLTPOL           626763	Entry	Relocatable 	
		*************

PLTGLB	from DSK:PLTGLB.REL	created by MACRO on 27-May-88 at 20:16:18
	High segment starts at	627535 ends at	627552 length	    16 (octal),    14. (decimal)

	CEXIT.           627535	Global	Relocatable 	
	FORER.           627550	Global	Relocatable 		RAX$             627543	Global	Relocatable 	

		*************

FORMSC	from DSK:PLTMTH.REL	created by MACRO on 27-May-88 at 20:16:16

	Zero length module

		*************

FLOAT	from DSK:PLTMTH.REL	created by MACRO on 27-May-88 at 20:16:16

	Zero length module

		*************

		LINK symbol map of	LINK	version 6(2420)		page 15


FLOAT.	from DSK:PLTMTH.REL	created by MACRO on 27-May-88 at 20:16:16
	High segment starts at	627553 ends at	627555 length	     3 (octal),     3. (decimal)

	FLOAT.           627554	Entry	Relocatable 	
		*************

IFIX	from DSK:PLTMTH.REL	created by MACRO on 27-May-88 at 20:16:16

	Zero length module

		*************

INT	from DSK:PLTMTH.REL	created by MACRO on 27-May-88 at 20:16:16

	Zero length module

		*************

IFIX.	from DSK:PLTMTH.REL	created by MACRO on 27-May-88 at 20:16:16
	High segment starts at	627556 ends at	627562 length	     5 (octal),     5. (decimal)

	IFIX.            627561	Entry	Relocatable 	
	INT.             627557	Entry	Relocatable 	
		*************

FLT.0	from DSK:PLTMTH.REL	created by MACRO on 27-May-88 at 20:16:16
	High segment starts at	627563 ends at	627573 length	    11 (octal),     9. (decimal)

	FLT.0            627564	Entry	Relocatable 	

		*************

FLT.14	from DSK:PLTMTH.REL	created by MACRO on 27-May-88 at 20:16:16
	High segment starts at	627574 ends at	627604 length	    11 (octal),     9. (decimal)

	FLT.14           627575	Entry	Relocatable 	
		*************

IFX.0	from DSK:PLTMTH.REL	created by MACRO on 27-May-88 at 20:16:16
	High segment starts at	627605 ends at	627616 length	    12 (octal),    10. (decimal)

	IFX.0            627606	Entry	Relocatable 	

		*************

EXP2	from DSK:PLTMTH.REL	created by MACRO on 27-May-88 at 20:16:16
	High segment starts at	627617 ends at	627767 length	   151 (octal),   105. (decimal)

	EXP2.            627620	Entry	Relocatable 		EXP2..           627646	Entry	Relocatable 	
	EXP2.0           627646	Entry	Relocatable 		EXP2.2           627640	Entry	Relocatable 	
	EXP2.4           627632	Entry	Relocatable 		EXP2.6           627624	Entry	Relocatable 	

		*************
		LINK symbol map of	LINK	version 6(2420)		page 16


EXP	from DSK:PLTMTH.REL	created by MACRO on 27-May-88 at 20:16:16

	Zero length module

		*************

EXP.	from DSK:PLTMTH.REL	created by MACRO on 27-May-88 at 20:16:16
	High segment starts at	627770 ends at	630056 length	    67 (octal),    55. (decimal)

	EXP.             627771	Entry	Relocatable 	
		*************

ALOG	from DSK:PLTMTH.REL	created by MACRO on 27-May-88 at 20:16:16

	Zero length module

		*************

ALOG10	from DSK:PLTMTH.REL	created by MACRO on 27-May-88 at 20:16:16

	Zero length module

		*************

ALOG.	from DSK:PLTMTH.REL	created by MACRO on 27-May-88 at 20:16:16
	High segment starts at	630057 ends at	630171 length	   113 (octal),    75. (decimal)

	ALG10.           630060	Entry	Relocatable 	
	ALOG.            630074	Entry	Relocatable 	
		*************

SIND	from DSK:PLTMTH.REL	created by MACRO on 27-May-88 at 20:16:16

	Zero length module

		*************

COSD	from DSK:PLTMTH.REL	created by MACRO on 27-May-88 at 20:16:16

	Zero length module

		*************

SIN	from DSK:PLTMTH.REL	created by MACRO on 27-May-88 at 20:16:16

	Zero length module

		*************

COS	from DSK:PLTMTH.REL	created by MACRO on 27-May-88 at 20:16:16

	Zero length module

		LINK symbol map of	LINK	version 6(2420)		page 17

		*************

SIN.	from DSK:PLTMTH.REL	created by MACRO on 27-May-88 at 20:16:16
	High segment starts at	630172 ends at	630275 length	   104 (octal),    68. (decimal)

	COS.             630206	Entry	Relocatable 	
	COSD.            630173	Entry	Relocatable 		SIN.             630212	Entry	Relocatable 	
	SIND.            630201	Entry	Relocatable 	
		*************

LINE	from DSK:PLTIO.REL	created by MACRO on 27-May-88 at 20:16:08
	High segment starts at	630276 ends at	630364 length	    67 (octal),    55. (decimal)

	LINE             630277	Entry	Relocatable 	

		*************

PLOT	from DSK:PLTIO.REL	created by MACRO on 27-May-88 at 20:16:08
	High segment starts at	630365 ends at	632500 length	  2114 (octal),  1100. (decimal)

	LPTOUT           632262	Entry	Relocatable 		NUMBER           632116	Entry	Relocatable 	
	PLOT             630432	Entry	Relocatable 		PLOT.            630500	Entry	Relocatable 	
	PLOTI            632371	Entry	Relocatable 		PLOTS            630366	Entry	Relocatable 	
	SYMBOL           630622	Entry	Relocatable 		WHERE            632110	Entry	Relocatable 	
	XY2CHR           632416	Entry	Relocatable 	
		*************

LNKLOW	from DSK:LNKLOW.REL	created by MACRO on 27-May-88 at 20:03:24
	Low  segment starts at	   140 ends at	  1701 length	  1542 (octal),   866. (decimal)

	AC.JF              1305	Global	Relocatable 	
	AS.FSP             1137	Global	Relocatable 		AS.LNK             1125	Global	Relocatable 	
	AS.NB              1113	Global	Relocatable 		AS.PP              1151	Global	Relocatable 	
	AS.UB              1055	Global	Relocatable 		AS.ZE              1163	Global	Relocatable 	
	BG.FSP             1144	Global	Relocatable 		BG.LNK             1132	Global	Relocatable 	
	BG.NB              1120	Global	Relocatable 		BG.PP              1156	Global	Relocatable 	
	BG.ZE              1170	Global	Relocatable 		BRNPTR             1616	Global	Relocatable 	
	DY.FSP             1134	Global	Relocatable 		DY.LNK             1122	Global	Relocatable 	
	DY.NB              1110	Global	Relocatable 		DY.PP              1146	Global	Relocatable 	
	DY.ZE              1160	Global	Relocatable 		EXEBLK             1415	Global	Relocatable 	
	EXEDIR             1416	Global	Relocatable 		FALC               1213	Global	Relocatable Suppressed
	FC.JF              1303	Global	Relocatable 		FDEV               1220	Global	Relocatable Suppressed
	FLEN               1207	Global	Relocatable Suppressed	FVER               1210	Global	Relocatable Suppressed
	FX.FR              1104	Global	Relocatable 		FX.FSP             1142	Global	Relocatable 	
	FX.LNK             1130	Global	Relocatable 		FX.NB              1116	Global	Relocatable 	
	FX.PP              1154	Global	Relocatable 		FX.PT              1072	Global	Relocatable 	
	FX.UB              1060	Global	Relocatable 		FX.ZE              1166	Global	Relocatable 	
	FXC.S1              577	Global	Relocatable 		FXC.S2              600	Global	Relocatable 	
	FXSPC               703	Global	Relocatable 		G.DIRM             1344	Global	Relocatable 	
	G.PROT             1341	Global	Relocatable 		G.ZER              1335	Global	Relocatable 	
	GC.JF              1302	Global	Relocatable 		GLBBEG              346	Global	Relocatable 	
	GLBEND              356	Global	Relocatable 		GS.NB              1121	Global	Relocatable 	
	GS.PP              1157	Global	Relocatable 		GS.ZE              1171	Global	Relocatable 	
	H.EZER             1231	Global	Relocatable Suppressed	H.ZER              1172	Global	Relocatable Suppressed
		LINK symbol map of	LINK	version 6(2420)		page 18
LNKLOW
	HB.AS               672	Global	Relocatable 		HB.BG               677	Global	Relocatable 	
	HB.DY               667	Global	Relocatable 		HB.FX               675	Global	Relocatable 	
	HB.GS               700	Global	Relocatable 		HB.HC               671	Global	Relocatable 	
	HB.LC               670	Global	Relocatable 		HB.RT               673	Global	Relocatable 	
	HB.S0               667	Global	Relocatable Suppressed	HB.S1               670	Global	Relocatable Suppressed
	HB.S2               671	Global	Relocatable Suppressed	HB.TP               676	Global	Relocatable 	
	HC.FR              1100	Global	Relocatable 		HC.FSP             1136	Global	Relocatable 	
	HC.LNK             1124	Global	Relocatable 		HC.NB              1112	Global	Relocatable 	
	HC.PP              1150	Global	Relocatable 		HC.PT              1066	Global	Relocatable 	
	HC.ZE              1162	Global	Relocatable 		HP.S0               570	Global	Relocatable Suppressed
	LBLOCK             1202	Global	Relocatable 		LC.FSP             1135	Global	Relocatable 	
	LC.LNK             1123	Global	Relocatable 		LC.NB              1111	Global	Relocatable 	
	LC.PP              1147	Global	Relocatable 		LC.PT              1065	Global	Relocatable 	
	LC.ZE              1161	Global	Relocatable 		LS.FSP             1141	Global	Relocatable 	
	LS.LNK             1127	Global	Relocatable 		LS.NB              1115	Global	Relocatable 	
	LS.ZE              1165	Global	Relocatable 		LW.BG               653	Global	Relocatable 	
	LW.DY               643	Global	Relocatable 		LW.GS               654	Global	Relocatable 	
	LW.RT               647	Global	Relocatable 		MC.JF              1274	Global	Relocatable 	
	O.BFR              1403	Global	Relocatable 		O.DIRM             1370	Global	Relocatable 	
	O.SNC              1404	Global	Relocatable 		O.ZER              1361	Global	Relocatable 	
	OC.JF              1276	Global	Relocatable 		OPNFF              1176	Global	Relocatable Suppressed
	OPNSZ              1175	Global	Relocatable Suppressed	OV.S0              1657	Global	Relocatable Suppressed
	PAG.BG              665	Global	Relocatable Suppressed	PAG.DY              655	Global	Relocatable Suppressed
	PAG.GS              666	Global	Relocatable Suppressed	PAG.HC              657	Global	Relocatable Suppressed
	PAG.LC              656	Global	Relocatable Suppressed	PC.JF              1306	Global	Relocatable 	
	PTHARG              412	Global	Relocatable 		PTHEND              422	Global	Relocatable 	
	PTHSCN              413	Global	Relocatable 		PV.S0              1661	Global	Relocatable Suppressed
	RC.JF              1275	Global	Relocatable 		RGNNAM             1602	Global	Relocatable 	
	RGNNUM             1601	Global	Relocatable 		RT.FSP             1140	Global	Relocatable 	
	RT.LNK             1126	Global	Relocatable 		RT.NB              1114	Global	Relocatable 	
	RT.PP              1152	Global	Relocatable 		RT.UB              1056	Global	Relocatable 	
	RT.ZE              1164	Global	Relocatable 		SAVP1              1517	Global	Relocatable 	
	SC.JF              1301	Global	Relocatable 		SFDEND             1231	Global	Relocatable Suppressed
	SFDSCN             1222	Global	Relocatable Suppressed	SO.S0               564	Global	Relocatable Suppressed
	SO.S1               565	Global	Relocatable 		SUBLEN              702	Global	Relocatable 	
	SVSAT1             1512	Global	Relocatable 		SYMLEN              701	Global	Relocatable 	
	SYMSRT             1440	Global	Relocatable 		TAB.PP             1146	Global	Relocatable 	
	TC.JF              1304	Global	Relocatable 		THSTRT             1672	Global	Relocatable 	
	TP.FR              1105	Global	Relocatable 		TP.FSP             1143	Global	Relocatable 	
	TP.LNK             1131	Global	Relocatable 		TP.NB              1117	Global	Relocatable 	
	TP.PT              1073	Global	Relocatable 		TP.ZE              1167	Global	Relocatable 	
	TTLADR             1025	Global	Relocatable 		UW.BG               665	Global	Relocatable 	
	UW.DY               655	Global	Relocatable 		UW.FX               663	Global	Relocatable 	
	UW.GS               666	Global	Relocatable 		UW.RT               661	Global	Relocatable 	
	ZC.JF              1272	Global	Relocatable 	
		*************

.SCAN	from SYS:SCAN.REL	created by MACRO on 26-May-88 at  5:39:49
	Low  segment starts at	  1702 ends at	  2501 length	   600 (octal),   384. (decimal)
	High segment starts at	632501 ends at	642146 length	  7446 (octal),  3878. (decimal)

	E.DSI            636062	Global	Relocatable 	
	E.FMI            633631	Global	Relocatable 		E.FMO            633627	Global	Relocatable 	
	E.ILSC           633634	Global	Relocatable 		E.INCL           633633	Global	Relocatable 	
		LINK symbol map of	LINK	version 6(2420)		page 19
.SCAN
	E.SVNG           636074	Global	Relocatable 		E.SVR            636076	Global	Relocatable 	
	E.SVTL           636072	Global	Relocatable 		E.UKK            636052	Global	Relocatable 	
	F.NAM              2317	Global	Relocatable 		N.CORE             1771	Global	Relocatable 	
	N.EZER             1770	Global	Relocatable Suppressed	N.OFFS             1772	Global	Relocatable 	
	N.ZER              1747	Global	Relocatable Suppressed	.ALDON           633606	Global	Relocatable 	
	.AS8QC           637305	Global	Relocatable 		.AS8QW           637304	Global	Relocatable 	
	.ASCQC           637331	Global	Relocatable 		.ASCQW           637330	Global	Relocatable 	
	.BLOKC           637115	Global	Relocatable 		.BLOKW           637114	Global	Relocatable 	
	.CCLRB           640527	Global	Relocatable 		.CHRQC           637266	Global	Relocatable 	
	.CHRQW           637265	Global	Relocatable 		.CKNEG           637260	Global	Relocatable 	
	.CLRBF           640531	Global	Relocatable 		.CLRFL           634113	Global	Relocatable 	
	.CLSNS           634415	Global	Relocatable 		.COREC           637124	Global	Relocatable 	
	.COREW           637123	Global	Relocatable 		.DATIC           636170	Global	Relocatable 	
	.DATIF           636146	Global	Relocatable 		.DATIG           636147	Global	Relocatable 	
	.DATIM           636167	Global	Relocatable 		.DATIP           636157	Global	Relocatable 	
	.DATIQ           636160	Global	Relocatable 		.DECNC           637163	Global	Relocatable 	
	.DECNW           637162	Global	Relocatable 		.FILIN           634025	Global	Relocatable 	
	.FMSG            640424	Global	Relocatable 		.FMSGD           640436	Global	Relocatable 	
	.FMSGE           640474	Global	Relocatable 		.FMSGF           640456	Global	Relocatable 	
	.FMSGN           640432	Global	Relocatable 		.FMSGO           640442	Global	Relocatable 	
	.FMSGX           640503	Global	Relocatable 		.GTIND           633663	Global	Relocatable 	
	.GTSPC           634262	Global	Relocatable 		.ISCAN           632501	Entry	Relocatable 	
	.KEYWD           634430	Global	Relocatable 		.KLIND           640356	Global	Relocatable 	
	.LASWD             2447	Global	Relocatable 		.LEFTX           637103	Global	Relocatable 	
	.MKPJN           632633	Global	Relocatable 		.MNRET           640571	Global	Relocatable 	
	.MONRT           640562	Global	Relocatable 		.MYPPN             1702	Global	Relocatable 	
	.NAME            637010	Global	Relocatable 		.NAMEC           636676	Global	Relocatable 	
	.NAMEW           636675	Global	Relocatable 		.NMUE              2446	Global	Relocatable Suppressed
	.NMUL              2411	Global	Relocatable 		.NOCTC           636663	Global	Relocatable 	
	.NOCTW           636662	Global	Relocatable 		.NOQTE             1744	Global	Relocatable 	
	.OCTNC           637217	Global	Relocatable 		.OCTNW           637216	Global	Relocatable 	
	.OPTN              2406	Global	Relocatable 		.OSCAN           633300	Global	Relocatable 	
	.OSDFS           634362	Global	Relocatable 		.PSCAN           633472	Global	Relocatable 	
	.QSCAN           633511	Global	Relocatable 		.QUOTE             1745	Global	Relocatable 	
	.REEAT           637716	Global	Relocatable 		.RUNCM           633736	Global	Relocatable 	
	.SCANZ             1702	Global	Relocatable Suppressed	.SENEG           637254	Global	Relocatable 	
	.SIXKC           637373	Global	Relocatable 		.SIXKW           637372	Global	Relocatable 	
	.SIXMC           637413	Global	Relocatable 		.SIXMW           637412	Global	Relocatable 	
	.SIXQC           637407	Global	Relocatable 		.SIXQW           637406	Global	Relocatable 	
	.SIXSC           637357	Global	Relocatable 		.SIXSW           637356	Global	Relocatable 	
	.STOPN           640421	Global	Relocatable 		.SWAS8           637304	Global	Relocatable Suppressed
	.SWASQ           637330	Global	Relocatable Suppressed	.SWCHR           634715	Global	Relocatable 	
	.SWCOR           634713	Global	Relocatable 		.SWDEC           634707	Global	Relocatable 	
	.SWDON           643606	Global	Relocatable Suppressed	.SWDPB           635402	Global	Relocatable 	
	.SWDTF           636146	Global	Relocatable Suppressed	.SWDTM           636167	Global	Relocatable Suppressed
	.SWDTP           636157	Global	Relocatable Suppressed	.SWFIL           634717	Global	Relocatable 	
	.SWHLP           635047	Global	Relocatable 		.SWMAX           635367	Global	Relocatable 	
	.SWOCT           634711	Global	Relocatable 		.SWSIX           637356	Global	Relocatable Suppressed
	.SWSXM           637412	Global	Relocatable Suppressed	.SWSXQ           637406	Global	Relocatable Suppressed
	.TERRP           640601	Global	Relocatable 		.TIALT           637473	Global	Relocatable 	
	.TIAUC           637457	Global	Relocatable 		.TICAD           637440	Global	Relocatable 	
	.TICAN           637444	Global	Relocatable 		.TICHE           637752	Global	Relocatable 	
	.TICHG           637475	Global	Relocatable 		.TICHR           637543	Global	Relocatable 	
	.TICHT           637743	Global	Relocatable 		.TICQT           637465	Global	Relocatable 	
		LINK symbol map of	LINK	version 6(2420)		page 20
.SCAN
	.TIGET           640007	Global	Relocatable 		.TIMUC           637460	Global	Relocatable 	
	.TISQT           637470	Global	Relocatable 		.TSCAN           632743	Global	Relocatable 	
	.TYPRE           640060	Global	Relocatable 		.VERSC           637013	Global	Relocatable 	
	.VERSW           637012	Global	Relocatable 		.VQUOT             1746	Global	Relocatable 	
	.VSCAN           633207	Global	Relocatable 	
		*************

.VERBO	from SYS:SCAN.REL	created by MACRO on 26-May-88 at  5:39:49
	Low  segment starts at	  2502 ends at	  2503 length	     2 (octal),     2. (decimal)
	High segment starts at	642147 ends at	642236 length	    70 (octal),    56. (decimal)

	.ERMSA           642150	Entry	Relocatable 	
	.ERMSG           642147	Entry	Relocatable 		.FLCBF             2503	Global	Relocatable 	
	.FLVRB             2502	Global	Relocatable 		.VERBO           642216	Entry	Relocatable 	
	.VRBOZ             2502	Global	Relocatable Suppressed
		*************

.TNEWL	from SYS:SCAN.REL	created by MACRO on 26-May-88 at  5:39:49
	High segment starts at	642237 ends at	642246 length	    10 (octal),     8. (decimal)

	.TNEWL           642237	Entry	Relocatable 	

		*************

.TOUTS	from SYS:SCAN.REL	created by MACRO on 26-May-88 at  5:39:49
	Low  segment starts at	  2504 ends at	  2510 length	     5 (octal),     5. (decimal)
	High segment starts at	642247 ends at	643160 length	   712 (octal),   458. (decimal)

	GUIDT.           642566	Global	Relocatable 		.BYTPT             2507	Global	Relocatable 	
	.MKPTR           643020	Global	Relocatable 		.T7STR           643001	Global	Relocatable 	
	.T8STR           643005	Global	Relocatable 		.TASCW           643043	Global	Relocatable 	
	.TASTR           643074	Global	Relocatable 		.TBLOK           642633	Global	Relocatable 	
	.TCHAR           643105	Global	Relocatable 		.TCOLN           643076	Global	Relocatable 	
	.TCOMA           643100	Global	Relocatable 		.TCORW           642637	Global	Relocatable 	
	.TCRLF           642654	Global	Relocatable 		.TDASH           643066	Global	Relocatable 	
	.TDATE           642446	Global	Relocatable 		.TDATN           642445	Global	Relocatable 	
	.TDEC2           642501	Global	Relocatable 		.TDECJ           642731	Global	Relocatable 	
	.TDECW           642711	Global	Relocatable 		.TDECZ           642765	Global	Relocatable 	
	.TDEVN           643047	Global	Relocatable 		.TDIRB           642343	Global	Relocatable 	
	.TDTTM           642431	Global	Relocatable 		.TFBLK           642321	Global	Relocatable 	
	.TFCHR           642510	Global	Relocatable 		.TFRFS           642251	Global	Relocatable 	
	.TLANG           643070	Global	Relocatable 		.TMOHW           642411	Global	Relocatable 	
	.TOCTJ           642732	Global	Relocatable 		.TOCTW           642710	Global	Relocatable 	
	.TOCTZ           642766	Global	Relocatable 		.TOFEB           642300	Global	Relocatable 	
	.TOLEB           642302	Global	Relocatable 		.TOUTZ             2504	Global	Relocatable Suppressed
	.TPPNW           642663	Global	Relocatable 		.TPROT           643051	Global	Relocatable 	
	.TRANG           643072	Global	Relocatable 		.TRBRK           642671	Global	Relocatable 	
	.TRDXJ           642733	Global	Relocatable 		.TRDXW           642712	Global	Relocatable 	
	.TRDXZ           642767	Global	Relocatable 		.TSIXJ           642772	Global	Relocatable 	
	.TSIXN           642673	Global	Relocatable 		.TSIXS           642771	Global	Relocatable 	
	.TSPAC           643104	Global	Relocatable 		.TSPAN           643057	Global	Relocatable 	
	.TSTRG           643033	Global	Relocatable 		.TTABC           643102	Global	Relocatable 	
	.TTIME           642464	Global	Relocatable 		.TTIMN           642463	Global	Relocatable 	
	.TVERW           642600	Global	Relocatable 		.TXWDW           642702	Global	Relocatable 	
		LINK symbol map of	LINK	version 6(2420)		page 21
.TOUTS
	.TXWWW           642402	Global	Relocatable 		.TYOCH           642247	Entry	Relocatable 	

		*************

.STOPB	from SYS:SCAN.REL	created by MACRO on 26-May-88 at  5:39:49
	High segment starts at	643161 ends at	643314 length	   134 (octal),    92. (decimal)

	.STOPB           643161	Entry	Relocatable 	
		*************

.CNTDT	from SYS:SCAN.REL	created by MACRO on 26-May-88 at  5:39:49
	High segment starts at	643315 ends at	643456 length	   142 (octal),    98. (decimal)

	.CNTDT           643315	Entry	Relocatable 	
	.CNVDT           643374	Entry	Relocatable 		.GTNOW           643366	Entry	Relocatable 	

		*************

.GTPUT	from SYS:SCAN.REL	created by MACRO on 26-May-88 at  5:39:49
	High segment starts at	643457 ends at	643550 length	    72 (octal),    58. (decimal)

	.GTWRD           643515	Entry	Relocatable 		.ISLGI           643535	Entry	Relocatable 	
	.LKNAM           643457	Entry	Relocatable 		.MKMSK           643526	Entry	Relocatable 	
	.PTWRD           643522	Entry	Relocatable 	
		*************

.SAVE	from SYS:SCAN.REL	created by MACRO on 26-May-88 at  5:39:49
	High segment starts at	643551 ends at	643625 length	    55 (octal),    45. (decimal)

	.POP4T           643620	Entry	Relocatable 	
	.POPJ            643607	Entry	Relocatable 		.POPJ1           643606	Entry	Relocatable 	
	.PSH4T           643611	Entry	Relocatable 		.SAVE1           643551	Entry	Relocatable 	
	.SAVE2           643556	Entry	Relocatable 		.SAVE3           643564	Entry	Relocatable 	
	.SAVE4           643573	Entry	Relocatable 		.SAVX4           643601	Global	Relocatable 	

		*************

.HELPR	from SYS:HELPER.REL	created by MACRO on 26-May-88 at  5:37:39
	High segment starts at	643626 ends at	644036 length	   211 (octal),   137. (decimal)

	HELPER           643626	Entry	Relocatable 		.HELPR           643627	Entry	Relocatable 	

		*************

LNKHST	from DSK:LNKHST.REL	created by MACRO on 27-May-88 at 20:03:47

	Zero length module

		*************

JOBDAT	from SYS:JOBDAT.REL	created by MACRO on 26-May-88 at  5:37:43

	Zero length module

		LINK symbol map of	LINK	version 6(2420)		page 22

		*************


	Index to LINK symbol map of	LINK	version 6(2420)		page 23

	Name	Page	Name	Page	Name	Page	Name	Page

	ALOG	16	INT	15	LNKMAP	12	PLTUTL	14
	ALOG.	16	JOBDAT	21	LNKNEW	 9	SIN	16
	ALOG10	16	LINE	17	LNKOLD	 7	SIN.	17
	COS	16	LINK	 1	LNKOV1	 2	SIND	16
	COSD	16	LNK400	14	LNKOV2	12	.CNTDT	21
	EXP	16	LNKCOR	10	LNKOVS	12	.GTPUT	21
	EXP.	16	LNKCST	10	LNKPLT	13	.HELPR	21
	EXP2	15	LNKERR	11	LNKPRM	13	.HIGH.	 1
	FLOAT	14	LNKFIO	 5	LNKSCN	 2	.SAVE	21
	FLOAT.	15	LNKHSH	 7	LNKWLD	 4	.SCAN	18
	FLT.0	15	LNKHST	 1	LNKXIT	12	.STOPB	21
	FLT.14	15	LNKHST	21	NAMCMP	14	.TNEWL	20
	FORMSC	14	LNKLOD	 5	PLOT	17	.TOUTS	20
	IFIX	15	LNKLOG	11	PLTGLB	14	.TSUBS	13
	IFIX.	15	LNKLOW	17	PLTO..	14	.VERBO	20
	IFX.0	15

	[End of LINK map of	LINK]
 