		LINK symbol map of	RTL		page 1
	Produced by LINK version 6(2420) on 28-May-88 at  0:43:20

	Low  segment starts at	     0 ends at	205325 length	205326 = 134P
	High segment starts at	400000 ends at	430120 length	 30121 = 25P
	298 words free in Low segment, 431 words free in high segment
	503 Global symbols loaded, therefore min. hash size is 559
	Start address is 400054, located in program RTLDYN

		*************

JOBDAT-INITIAL-SYMBOLS
	%JOBDT      43300000457	Global	Absolute    Suppressed	.JB41                41	Global	Absolute    	
	.JBAPR              125	Global	Absolute    		.JBBLT               45	Global	Absolute    	
	.JBCHN              131	Global	Absolute    		.JBCNI              126	Global	Absolute    	
	.JBCOR              133	Global	Absolute    		.JBCST              136	Global	Absolute    	
	.JBDA               140	Global	Absolute    		.JBDDT               74	Global	Absolute    	
	.JBEDV              112	Global	Absolute    		.JBERR               42	Global	Absolute    	
	.JBFF               121	Global	Absolute    		.JBH41                1	Global	Absolute    Suppressed
	.JBHCR                2	Global	Absolute    Suppressed	.JBHDA               10	Global	Absolute    Suppressed
	.JBHGA                7	Global	Absolute    Suppressed	.JBHGH           400000	Global	Absolute    Suppressed
	.JBHNM                5	Global	Absolute    Suppressed	.JBHRL              115	Global	Absolute    	
	.JBHRN                3	Global	Absolute    Suppressed	.JBHSA                0	Global	Absolute    Suppressed
	.JBHSM                6	Global	Absolute    Suppressed	.JBHVR                4	Global	Absolute    Suppressed
	.JBINT              134	Global	Absolute    		.JBOPC              130	Global	Absolute    	
	.JBOPS              135	Global	Absolute    		.JBOVL              131	Global	Absolute    	
	.JBPFH              123	Global	Absolute    		.JBPFI               74	Global	Absolute    	
	.JBREL               44	Global	Absolute    		.JBREN              124	Global	Absolute    	
	.JBSA               120	Global	Absolute    		.JBSYM              116	Global	Absolute    	
	.JBTPC              127	Global	Absolute    		.JBUSY              117	Global	Absolute    	
	.JBUUO               40	Global	Absolute    		.JBVER              137	Global	Absolute    	

		*************

COPYR	from DSK:DYNRL1.REL	created by MACRO on 28-May-88 at  0:43:07
	Low  segment starts at	   140 ends at	   367 length	   230 (octal),   152. (decimal)


		*************

RTLDYN	from DSK:DYNRL1.REL	created by MACRO on 28-May-88 at  0:43:07
	Low  segment starts at	   370 ends at	   660 length	   271 (octal),   185. (decimal)
	High segment starts at	400010 ends at	400131 length	   122 (octal),    82. (decimal)

	DYN%VE        101000057	Global	Absolute    Suppressed	HALTF%     104000000170	Global	Absolute    	
	PDVOP%     104000000603	Global	Absolute    		PSOUT      104000000076	Global	Absolute    	
	RL$MIN           400010	Global	Relocatable 		RTLPDV           400066	Global	Relocatable 	
	SEVEC%     104000000204	Global	Absolute    		XHLLI      501000000000	Global	Absolute    	
	XMOVEI     415000000000	Global	Absolute    		.FHSLF           400000	Global	Absolute    Suppressed
	.INFIN     377777777777	Global	Absolute    Suppressed	.POADD                1	Global	Absolute    Suppressed
	.PODAT                3	Global	Absolute    Suppressed	.PRIOU              101	Global	Absolute    Suppressed

		*************

		LINK symbol map of	RTL		page 2


FAKDYN	from DSK:DYNRL1.REL	created by MACRO on 28-May-88 at  0:43:07
	Low  segment starts at	   661 ends at	   666 length	     6 (octal),     6. (decimal)
	High segment starts at	400132 ends at	401172 length	  1041 (octal),   545. (decimal)

	DY$BS            400360	Global	Relocatable 		DY$CBK           400767	Global	Relocatable 	
	DY$DYN           400132	Global	Relocatable 		DY$LER           401037	Global	Relocatable 	
	DY$LOD           401037	Global	Relocatable 		DY$MIN           400663	Global	Relocatable 	
	DY.ZMP              666	Global	Relocatable 		ERCAL      320740000000	Global	Absolute    	
	GET%       104000000200	Global	Absolute    		GJ%OLD     100000000000	Global	Absolute    Suppressed
	GJ%PHY         10000000	Global	Absolute    Suppressed	GJ%SHT          1000000	Global	Absolute    Suppressed
	GT%ARG            20000	Global	Absolute    Suppressed	GT%BAS     100000000000	Global	Absolute    Suppressed
	GT%JFN             7777	Global	Absolute    Suppressed	GT%NOV            40000	Global	Absolute    Suppressed
	GTJFN%     104000000020	Global	Absolute    		IFIW       400000000000	Global	Absolute    Suppressed
	PA%PEX      10000000000	Global	Absolute    Suppressed	RF%LNG     400000000000	Global	Absolute    Suppressed
	RFSTS%     104000000156	Global	Absolute    		RL$NUL           401036	Global	Relocatable 	
	RSMAP%     104000000610	Global	Absolute    		VI%MAJ      77700000000	Global	Absolute    Suppressed
	VI%MIN         77000000	Global	Absolute    Suppressed	XGVEC%     104000000606	Global	Absolute    	
	XSVEC%     104000000607	Global	Absolute    		.GBASE                3	Global	Absolute    Suppressed
	.GFLAG                0	Global	Absolute    Suppressed	.POADE                5	Global	Absolute    Suppressed
	.POADR                4	Global	Absolute    Suppressed	.POCT1                0	Global	Absolute    Suppressed
	.POCT2                2	Global	Absolute    Suppressed	.POGET                0	Global	Absolute    Suppressed
	.POLOC                5	Global	Absolute    Suppressed	.POPHD                1	Global	Absolute    Suppressed
	.PVNAM                1	Global	Absolute    Suppressed	.PVSTR                2	Global	Absolute    Suppressed
	.RFCNT                0	Global	Absolute    Suppressed	.RFSFL                4	Global	Absolute    Suppressed

		*************

SIG	from DSK:DYNRL1.REL	created by MACRO on 28-May-88 at  0:43:07
	Low  segment starts at	   667 ends at	  2417 length	  1531 (octal),   857. (decimal)
	High segment starts at	401173 ends at	402467 length	  1275 (octal),   701. (decimal)

	BOUT       104000000051	Global	Absolute    		CLOSF%     104000000022	Global	Absolute    	
	ENSTK               667	Global	Relocatable 		NO%MAG     400000000000	Global	Absolute    Suppressed
	NO%RDX           777777	Global	Absolute    Suppressed	NOUT%      104000000224	Global	Absolute    	
	PBOUT%     104000000074	Global	Absolute    		SG$ALC           402140	Global	Relocatable 	
	SG$DIC           402140	Global	Relocatable 		SG$DLC           402140	Global	Relocatable 	
	SG$DLG           401640	Global	Relocatable 		SG$DMG           401654	Global	Relocatable 	
	SG$EIC           402140	Global	Relocatable 		SG$EST           401205	Global	Relocatable 	
	SG$LES           401224	Global	Relocatable 		SG$LRM           401263	Global	Relocatable 	
	SG$NAS           402136	Global	Relocatable 		SG$PEM           401454	Global	Relocatable 	
	SG$REM           401240	Global	Relocatable 		SG$SEC           402140	Global	Relocatable 	
	SG$SIG           401303	Global	Relocatable 		SG.DPX           401173	Global	Relocatable 	
	SG.DSX           401200	Global	Relocatable 		SG.ENS             2411	Global	Relocatable 	
	SG.LER             2412	Global	Relocatable 		SG.LEV             2414	Global	Relocatable 	
	SG.NAS             2417	Global	Relocatable 		SG.OUT             2413	Global	Relocatable 	
	SG.PFX             2415	Global	Relocatable 		SG.SFX             2416	Global	Relocatable 	
	SOUT       104000000053	Global	Absolute    	
		*************

MEM	from DSK:DYNRL1.REL	created by MACRO on 28-May-88 at  0:43:07
	Low  segment starts at	  2420 ends at	203237 length	200620 (octal), 65936. (decimal)
	High segment starts at	402470 ends at	403077 length	   410 (octal),   264. (decimal)

		LINK symbol map of	RTL		page 3
MEM
	CNKMAX               50	Global	Absolute    Suppressed
	ERCNKE             3237	Global	Relocatable Suppressed	ERCNKS             2540	Global	Relocatable 	
	ME$ALM           402470	Global	Relocatable 		ME$ALP           403010	Global	Relocatable 	
	ME$ALS           403010	Global	Relocatable 		ME$DLM           402572	Global	Relocatable 	
	ME$DLP           403010	Global	Relocatable 		ME$DLS           403010	Global	Relocatable 	
	ME$DMC           402700	Global	Relocatable 		ME$MEM           402653	Global	Relocatable 	
	PSOUT%     104000000076	Global	Absolute    		RT.CKE             2470	Global	Relocatable 	
	RT.CKS             2420	Global	Relocatable 		RTCNKE           203237	Global	Relocatable Suppressed
	RTCNKS             3240	Global	Relocatable 	
		*************

FACERR	from DSK:DYNRL1.REL	created by MACRO on 28-May-88 at  0:43:07
	Low  segment starts at	203240 ends at	203425 length	   166 (octal),   118. (decimal)
	High segment starts at	403100 ends at	404216 length	  1117 (octal),   591. (decimal)

	GETER%     104000000012	Global	Absolute    	
	RTLCER           403303	Global	Relocatable 		RTLERR           403100	Global	Relocatable 	
	RTLERS           403102	Global	Relocatable 		RTLJER           403342	Global	Relocatable 	
	RTLSER           403266	Global	Relocatable 	
		*************

FAO	from DSK:DYNRL1.REL	created by MACRO on 28-May-88 at  0:43:07
	High segment starts at	404217 ends at	405103 length	   665 (octal),   437. (decimal)

	ERSTR%     104000000011	Global	Absolute    	
	RL$FAO           404261	Global	Relocatable 		VI%EDN           377777	Global	Absolute    Suppressed
	VI%WHO     700000000000	Global	Absolute    Suppressed	.CHBEL                7	Global	Absolute    Suppressed
	.CHCRT               15	Global	Absolute    Suppressed	.CHLFD               12	Global	Absolute    Suppressed
	.CHTAB               11	Global	Absolute    Suppressed
		*************

DYNTRP	from DSK:DYNRL1.REL	created by MACRO on 28-May-88 at  0:43:07
	Low  segment starts at	203426 ends at	203450 length	    23 (octal),    19. (decimal)
	High segment starts at	405104 ends at	405545 length	   442 (octal),   290. (decimal)

	PC%FOV      40000000000	Global	Absolute    Suppressed
	PC%FUF        100000000	Global	Absolute    Suppressed	PC%NDV         40000000	Global	Absolute    Suppressed
	PC%OVF     400000000000	Global	Absolute    Suppressed	PC%UIO       4000000000	Global	Absolute    Suppressed
	PC%USR      10000000000	Global	Absolute    Suppressed	SWTRP%     104000000573	Global	Absolute    	
	XJRSTF     254240000000	Global	Absolute    		%TRPIN           405104	Global	Relocatable 	
	.SWART                0	Global	Absolute    Suppressed
		*************

MTHDYN	from DSK:DYNRL1.REL	created by MACRO on 28-May-88 at  0:43:07
	Low  segment starts at	203451 ends at	203711 length	   241 (octal),   161. (decimal)
	High segment starts at	405546 ends at	406177 length	   432 (octal),   282. (decimal)

	ERRSTK           203463	Global	Relocatable 	
	ERSTKP           203462	Global	Relocatable 		MTHER.           405546	Entry	Relocatable 	
	PDLBOT           203635	Global	Relocatable 		RPACS%     104000000057	Global	Absolute    	
	%FSECT           203633	Global	Relocatable 		%LERTP           203637	Global	Relocatable 	
	%LFIXD           203636	Global	Relocatable 	
		*************

		LINK symbol map of	RTL		page 4


RTLMSC	from DSK:DYNRL1.REL	created by MACRO on 28-May-88 at  0:43:07
	High segment starts at	406200 ends at	406353 length	   154 (octal),   108. (decimal)

	RL$2BG           406256	Global	Relocatable 	
	RL$LBG           406200	Global	Relocatable 	
		*************

CABS.	from DSK:MTHLIB.REL	created by MACRO on 27-May-88 at 14:59:43
	Low  segment starts at	203712 ends at	203714 length	     3 (octal),     3. (decimal)
	High segment starts at	406354 ends at	406414 length	    41 (octal),    33. (decimal)

	CABS.            406355	Entry	Relocatable 	

		*************

CEXP.	from DSK:MTHLIB.REL	created by MACRO on 27-May-88 at 14:59:43
	Low  segment starts at	203715 ends at	203725 length	    11 (octal),     9. (decimal)
	High segment starts at	406415 ends at	406566 length	   152 (octal),   106. (decimal)

	CEXP.            406416	Entry	Relocatable 	
		*************

CEXP3.	from DSK:MTHLIB.REL	created by MACRO on 27-May-88 at 14:59:43
	Low  segment starts at	203726 ends at	204010 length	    63 (octal),    51. (decimal)
	High segment starts at	406567 ends at	410107 length	  1321 (octal),   721. (decimal)

	CEXP2.           406570	Entry	Relocatable 	
	CEXP3.           406700	Entry	Relocatable 	
		*************

CLOG.	from DSK:MTHLIB.REL	created by MACRO on 27-May-88 at 14:59:43
	Low  segment starts at	204011 ends at	204021 length	    11 (octal),     9. (decimal)
	High segment starts at	410110 ends at	410401 length	   272 (octal),   186. (decimal)

	CLOG.            410111	Entry	Relocatable 	

		*************

CSIN.	from DSK:MTHLIB.REL	created by MACRO on 27-May-88 at 14:59:43
	Low  segment starts at	204022 ends at	204031 length	    10 (octal),     8. (decimal)
	High segment starts at	410402 ends at	410626 length	   225 (octal),   149. (decimal)

	CCOS.            410403	Entry	Relocatable 		CSIN.            410407	Entry	Relocatable 	

		*************

CSQRT.	from DSK:MTHLIB.REL	created by MACRO on 27-May-88 at 14:59:43
	Low  segment starts at	204032 ends at	204041 length	    10 (octal),     8. (decimal)
	High segment starts at	410627 ends at	411012 length	   164 (octal),   116. (decimal)

	CSQRT.           410630	Entry	Relocatable 	
		*************

		LINK symbol map of	RTL		page 5


AIMAG.	from DSK:MTHLIB.REL	created by MACRO on 27-May-88 at 14:59:43
	High segment starts at	411013 ends at	411016 length	     4 (octal),     4. (decimal)

	AIMAG.           411014	Entry	Relocatable 	

		*************

CONJG.	from DSK:MTHLIB.REL	created by MACRO on 27-May-88 at 14:59:43
	High segment starts at	411017 ends at	411022 length	     4 (octal),     4. (decimal)

	CONJG.           411020	Entry	Relocatable 	
		*************

CMPLX.	from DSK:MTHLIB.REL	created by MACRO on 27-May-88 at 14:59:43
	High segment starts at	411023 ends at	411026 length	     4 (octal),     4. (decimal)

	CMPLX.           411024	Entry	Relocatable 	

		*************

CMPL.C	from DSK:MTHLIB.REL	created by MACRO on 27-May-88 at 14:59:43
	High segment starts at	411027 ends at	411033 length	     5 (octal),     5. (decimal)

	CMPL.C           411031	Entry	Relocatable 	
		*************

CMPL.D	from DSK:MTHLIB.REL	created by MACRO on 27-May-88 at 14:59:43
	High segment starts at	411034 ends at	411047 length	    14 (octal),    12. (decimal)

	CMPL.D           411036	Entry	Relocatable 	

		*************

CMPL.G	from DSK:MTHLIB.REL	created by MACRO on 27-May-88 at 14:59:43
	High segment starts at	411050 ends at	411062 length	    13 (octal),    11. (decimal)

	CMPL.G           411052	Entry	Relocatable 	
		*************

CMPL.I	from DSK:MTHLIB.REL	created by MACRO on 27-May-88 at 14:59:43
	High segment starts at	411063 ends at	411071 length	     7 (octal),     7. (decimal)

	CMPL.I           411065	Entry	Relocatable 	

		*************

CDABS.	from DSK:MTHLIB.REL	created by MACRO on 27-May-88 at 14:59:43
	Low  segment starts at	204042 ends at	204047 length	     6 (octal),     6. (decimal)
	High segment starts at	411072 ends at	411140 length	    47 (octal),    39. (decimal)

	CDABS.           411073	Entry	Relocatable 	
		*************

		LINK symbol map of	RTL		page 6


CDEXP.	from DSK:MTHLIB.REL	created by MACRO on 27-May-88 at 14:59:43
	Low  segment starts at	204050 ends at	204072 length	    23 (octal),    19. (decimal)
	High segment starts at	411141 ends at	411372 length	   232 (octal),   154. (decimal)

	CDEXP.           411142	Entry	Relocatable 	

		*************

CDLOG	from DSK:MTHLIB.REL	created by MACRO on 27-May-88 at 14:59:43

	Zero length module

		*************

CDLOG	from DSK:MTHLIB.REL	created by MACRO on 27-May-88 at 14:59:43
	Low  segment starts at	204073 ends at	204122 length	    30 (octal),    24. (decimal)
	High segment starts at	411373 ends at	411742 length	   350 (octal),   232. (decimal)

	CDLOG.           411374	Entry	Relocatable 	
		*************

CDSIN.	from DSK:MTHLIB.REL	created by MACRO on 27-May-88 at 14:59:43
	Low  segment starts at	204123 ends at	204141 length	    17 (octal),    15. (decimal)
	High segment starts at	411743 ends at	412302 length	   340 (octal),   224. (decimal)

	CDCOS.           411744	Entry	Relocatable 	
	CDSIN.           411753	Entry	Relocatable 	
		*************

CDSQT.	from DSK:MTHLIB.REL	created by MACRO on 27-May-88 at 14:59:43
	Low  segment starts at	204142 ends at	204154 length	    13 (octal),    11. (decimal)
	High segment starts at	412303 ends at	412531 length	   227 (octal),   151. (decimal)

	CDSQT.           412304	Entry	Relocatable 	

		*************

CGABS.	from DSK:MTHLIB.REL	created by MACRO on 27-May-88 at 14:59:43
	Low  segment starts at	204155 ends at	204160 length	     4 (octal),     4. (decimal)
	High segment starts at	412532 ends at	412603 length	    52 (octal),    42. (decimal)

	CGABS.           412533	Entry	Relocatable 	
		*************

CGEXP	from DSK:MTHLIB.REL	created by MACRO on 27-May-88 at 14:59:43

	Zero length module

		*************

		LINK symbol map of	RTL		page 7


CGEXP.	from DSK:MTHLIB.REL	created by MACRO on 27-May-88 at 14:59:43
	Low  segment starts at	204161 ends at	204203 length	    23 (octal),    19. (decimal)
	High segment starts at	412604 ends at	413032 length	   227 (octal),   151. (decimal)

	CGEXP.           412605	Entry	Relocatable 	

		*************

CGLOG	from DSK:MTHLIB.REL	created by MACRO on 27-May-88 at 14:59:43

	Zero length module

		*************

CGLOG	from DSK:MTHLIB.REL	created by MACRO on 27-May-88 at 14:59:43
	Low  segment starts at	204204 ends at	204237 length	    34 (octal),    28. (decimal)
	High segment starts at	413033 ends at	413377 length	   345 (octal),   229. (decimal)

	CGLOG.           413034	Entry	Relocatable 	
		*************

CGSIN	from DSK:MTHLIB.REL	created by MACRO on 27-May-88 at 14:59:43

	Zero length module

		*************

CGCOS	from DSK:MTHLIB.REL	created by MACRO on 27-May-88 at 14:59:43

	Zero length module

		*************

CGSIN.	from DSK:MTHLIB.REL	created by MACRO on 27-May-88 at 14:59:43
	Low  segment starts at	204240 ends at	204256 length	    17 (octal),    15. (decimal)
	High segment starts at	413400 ends at	413731 length	   332 (octal),   218. (decimal)

	CGCOS.           413401	Entry	Relocatable 	
	CGSIN.           413405	Entry	Relocatable 	
		*************

CGSQRT	from DSK:MTHLIB.REL	created by MACRO on 27-May-88 at 14:59:43

	Zero length module

		*************

CGSQT.	from DSK:MTHLIB.REL	created by MACRO on 27-May-88 at 14:59:43
	Low  segment starts at	204257 ends at	204273 length	    15 (octal),    13. (decimal)
	High segment starts at	413732 ends at	414155 length	   224 (octal),   148. (decimal)

	CGSQT.           413733	Entry	Relocatable 	

		LINK symbol map of	RTL		page 8

		*************

GASIN.	from DSK:MTHLIB.REL	created by MACRO on 27-May-88 at 14:59:43
	Low  segment starts at	204274 ends at	204303 length	    10 (octal),     8. (decimal)
	High segment starts at	414156 ends at	414401 length	   224 (octal),   148. (decimal)

	GACOS.           414157	Entry	Relocatable 		GASIN.           414163	Entry	Relocatable 	

		*************

GATAN.	from DSK:MTHLIB.REL	created by MACRO on 27-May-88 at 14:59:43
	Low  segment starts at	204304 ends at	204312 length	     7 (octal),     7. (decimal)
	High segment starts at	414402 ends at	415150 length	   547 (octal),   359. (decimal)

	GATAN.           414403	Entry	Relocatable 		GATN2.           414476	Entry	Relocatable 	

		*************

GCOSH.	from DSK:MTHLIB.REL	created by MACRO on 27-May-88 at 14:59:43
	Low  segment starts at	204313 ends at	204317 length	     5 (octal),     5. (decimal)
	High segment starts at	415151 ends at	415257 length	   107 (octal),    71. (decimal)

	GCOSH.           415152	Entry	Relocatable 	
		*************

GEXP2.	from DSK:MTHLIB.REL	created by MACRO on 27-May-88 at 14:59:43
	Low  segment starts at	204320 ends at	204322 length	     3 (octal),     3. (decimal)
	High segment starts at	415260 ends at	415411 length	   132 (octal),    90. (decimal)

	GEXP2.           415261	Entry	Relocatable 	

		*************

GEXP3.	from DSK:MTHLIB.REL	created by MACRO on 27-May-88 at 14:59:43
	Low  segment starts at	204323 ends at	204332 length	    10 (octal),     8. (decimal)
	High segment starts at	415412 ends at	416172 length	   561 (octal),   369. (decimal)

	GEXP3.           415413	Entry	Relocatable 	
		*************

GLOG.	from DSK:MTHLIB.REL	created by MACRO on 27-May-88 at 14:59:43
	Low  segment starts at	204333 ends at	204340 length	     6 (octal),     6. (decimal)
	High segment starts at	416173 ends at	416343 length	   151 (octal),   105. (decimal)

	GLG10.           416174	Entry	Relocatable 	
	GLOG.            416177	Entry	Relocatable 	
		*************

GMOD.	from DSK:MTHLIB.REL	created by MACRO on 27-May-88 at 14:59:43
	Low  segment starts at	204341 ends at	204361 length	    21 (octal),    17. (decimal)
	High segment starts at	416344 ends at	416431 length	    66 (octal),    54. (decimal)

	GMOD.            416345	Entry	Relocatable 	

		LINK symbol map of	RTL		page 9

		*************

GSIN.	from DSK:MTHLIB.REL	created by MACRO on 27-May-88 at 14:59:43
	Low  segment starts at	204362 ends at	204370 length	     7 (octal),     7. (decimal)
	High segment starts at	416432 ends at	416625 length	   174 (octal),   124. (decimal)

	GCOS.            416433	Entry	Relocatable 		GSIN.            416445	Entry	Relocatable 	

		*************

GSINH.	from DSK:MTHLIB.REL	created by MACRO on 27-May-88 at 14:59:43
	Low  segment starts at	204371 ends at	204400 length	    10 (octal),     8. (decimal)
	High segment starts at	416626 ends at	417021 length	   174 (octal),   124. (decimal)

	GSINH.           416627	Entry	Relocatable 	
		*************

GSQRT.	from DSK:MTHLIB.REL	created by MACRO on 27-May-88 at 14:59:43
	High segment starts at	417022 ends at	417076 length	    55 (octal),    45. (decimal)

	GSQRT.           417023	Entry	Relocatable 	

		*************

GTAN.	from DSK:MTHLIB.REL	created by MACRO on 27-May-88 at 14:59:43
	Low  segment starts at	204401 ends at	204404 length	     4 (octal),     4. (decimal)
	High segment starts at	417077 ends at	417307 length	   211 (octal),   137. (decimal)

	GCOTN.           417100	Entry	Relocatable 		GTAN.            417125	Entry	Relocatable 	

		*************

GTANH.	from DSK:MTHLIB.REL	created by MACRO on 27-May-88 at 14:59:43
	Low  segment starts at	204405 ends at	204411 length	     5 (octal),     5. (decimal)
	High segment starts at	417310 ends at	417437 length	   130 (octal),    88. (decimal)

	GTANH.           417311	Entry	Relocatable 	
		*************

GEXP.	from DSK:MTHLIB.REL	created by MACRO on 27-May-88 at 14:59:43
	Low  segment starts at	204412 ends at	204421 length	    10 (octal),     8. (decimal)
	High segment starts at	417440 ends at	417614 length	   155 (octal),   109. (decimal)

	GEXP.            417441	Entry	Relocatable 	

		*************

DTOG	from DSK:MTHLIB.REL	created by MACRO on 27-May-88 at 14:59:43
	High segment starts at	417615 ends at	417703 length	    67 (octal),    55. (decimal)

	DTOG             417616	Entry	Relocatable 		DTOGA            417622	Entry	Relocatable 	

		*************

		LINK symbol map of	RTL		page 10


GTOD	from DSK:MTHLIB.REL	created by MACRO on 27-May-88 at 14:59:43
	High segment starts at	417704 ends at	417776 length	    73 (octal),    59. (decimal)

	GTOD             417705	Entry	Relocatable 		GTODA            417711	Entry	Relocatable 	

		*************

GDIM.	from DSK:MTHLIB.REL	created by MACRO on 27-May-88 at 14:59:43
	High segment starts at	417777 ends at	420025 length	    27 (octal),    23. (decimal)

	GDIM.            420000	Entry	Relocatable 	
		*************

GINT.	from DSK:MTHLIB.REL	created by MACRO on 27-May-88 at 14:59:43
	High segment starts at	420026 ends at	420055 length	    30 (octal),    24. (decimal)

	GINT.            420027	Entry	Relocatable 	

		*************

GNINT.	from DSK:MTHLIB.REL	created by MACRO on 27-May-88 at 14:59:43
	High segment starts at	420056 ends at	420112 length	    35 (octal),    29. (decimal)

	GNINT.           420057	Entry	Relocatable 	
		*************

GPROD.	from DSK:MTHLIB.REL	created by MACRO on 27-May-88 at 14:59:43
	Low  segment starts at	204422 ends at	204431 length	    10 (octal),     8. (decimal)
	High segment starts at	420113 ends at	420124 length	    12 (octal),    10. (decimal)

	GPROD.           420114	Entry	Relocatable 	

		*************

IGNIN.	from DSK:MTHLIB.REL	created by MACRO on 27-May-88 at 14:59:43
	High segment starts at	420125 ends at	420161 length	    35 (octal),    29. (decimal)

	IGNIN.           420126	Entry	Relocatable 	
		*************

DASIN.	from DSK:MTHLIB.REL	created by MACRO on 27-May-88 at 14:59:43
	Low  segment starts at	204432 ends at	204437 length	     6 (octal),     6. (decimal)
	High segment starts at	420162 ends at	420365 length	   204 (octal),   132. (decimal)

	DACOS.           420163	Entry	Relocatable 	
	DASIN.           420167	Entry	Relocatable 	
		*************

DATAN.	from DSK:MTHLIB.REL	created by MACRO on 27-May-88 at 14:59:43
	Low  segment starts at	204440 ends at	204446 length	     7 (octal),     7. (decimal)
	High segment starts at	420366 ends at	421134 length	   547 (octal),   359. (decimal)

	DATAN.           420367	Entry	Relocatable 	
		LINK symbol map of	RTL		page 11
DATAN.
	DATN2.           420462	Entry	Relocatable 	
		*************

DCOSH.	from DSK:MTHLIB.REL	created by MACRO on 27-May-88 at 14:59:43
	Low  segment starts at	204447 ends at	204452 length	     4 (octal),     4. (decimal)
	High segment starts at	421135 ends at	421243 length	   107 (octal),    71. (decimal)

	DCOSH.           421136	Entry	Relocatable 	

		*************

DEXP2.	from DSK:MTHLIB.REL	created by MACRO on 27-May-88 at 14:59:43
	Low  segment starts at	204453 ends at	204455 length	     3 (octal),     3. (decimal)
	High segment starts at	421244 ends at	421375 length	   132 (octal),    90. (decimal)

	DEXP2.           421245	Entry	Relocatable 	
		*************

DEXP3.	from DSK:MTHLIB.REL	created by MACRO on 27-May-88 at 14:59:43
	Low  segment starts at	204456 ends at	204460 length	     3 (octal),     3. (decimal)
	High segment starts at	421376 ends at	422156 length	   561 (octal),   369. (decimal)

	DEXP3.           421377	Entry	Relocatable 	

		*************

DLOG.	from DSK:MTHLIB.REL	created by MACRO on 27-May-88 at 14:59:43
	Low  segment starts at	204461 ends at	204464 length	     4 (octal),     4. (decimal)
	High segment starts at	422157 ends at	422330 length	   152 (octal),   106. (decimal)

	DLG10.           422160	Entry	Relocatable 		DLOG.            422163	Entry	Relocatable 	

		*************

DMOD.	from DSK:MTHLIB.REL	created by MACRO on 27-May-88 at 14:59:43
	Low  segment starts at	204465 ends at	204504 length	    20 (octal),    16. (decimal)
	High segment starts at	422331 ends at	422441 length	   111 (octal),    73. (decimal)

	DMOD.            422332	Entry	Relocatable 	
		*************

DSIN.	from DSK:MTHLIB.REL	created by MACRO on 27-May-88 at 14:59:43
	Low  segment starts at	204505 ends at	204511 length	     5 (octal),     5. (decimal)
	High segment starts at	422442 ends at	422666 length	   225 (octal),   149. (decimal)

	DCOS.            422443	Entry	Relocatable 	
	DSIN.            422455	Entry	Relocatable 	
		*************

DSINH.	from DSK:MTHLIB.REL	created by MACRO on 27-May-88 at 14:59:43
	Low  segment starts at	204512 ends at	204520 length	     7 (octal),     7. (decimal)
	High segment starts at	422667 ends at	423063 length	   175 (octal),   125. (decimal)

	DSINH.           422670	Entry	Relocatable 	
		LINK symbol map of	RTL		page 12
DSINH.

		*************

DSQRT.	from DSK:MTHLIB.REL	created by MACRO on 27-May-88 at 14:59:43
	High segment starts at	423064 ends at	423134 length	    51 (octal),    41. (decimal)

	DSQRT.           423065	Entry	Relocatable 	
		*************

DTAN.	from DSK:MTHLIB.REL	created by MACRO on 27-May-88 at 14:59:43
	Low  segment starts at	204521 ends at	204522 length	     2 (octal),     2. (decimal)
	High segment starts at	423135 ends at	423377 length	   243 (octal),   163. (decimal)

	DCOTN.           423136	Entry	Relocatable 	
	DTAN.            423163	Entry	Relocatable 	
		*************

DTANH.	from DSK:MTHLIB.REL	created by MACRO on 27-May-88 at 14:59:43
	Low  segment starts at	204523 ends at	204526 length	     4 (octal),     4. (decimal)
	High segment starts at	423400 ends at	423531 length	   132 (octal),    90. (decimal)

	DTANH.           423401	Entry	Relocatable 	

		*************

DEXP.	from DSK:MTHLIB.REL	created by MACRO on 27-May-88 at 14:59:43
	Low  segment starts at	204527 ends at	204531 length	     3 (octal),     3. (decimal)
	High segment starts at	423532 ends at	423712 length	   161 (octal),   113. (decimal)

	DEXP.            423533	Entry	Relocatable 	
		*************

DABS.	from DSK:MTHLIB.REL	created by MACRO on 27-May-88 at 14:59:43
	High segment starts at	423713 ends at	423717 length	     5 (octal),     5. (decimal)

	DABS.            423714	Entry	Relocatable 	

		*************

DMAX1.	from DSK:MTHLIB.REL	created by MACRO on 27-May-88 at 14:59:43
	High segment starts at	423720 ends at	423741 length	    22 (octal),    18. (decimal)

	DMAX1.           423721	Entry	Relocatable 	
		*************

DMIN1.	from DSK:MTHLIB.REL	created by MACRO on 27-May-88 at 14:59:43
	High segment starts at	423742 ends at	423763 length	    22 (octal),    18. (decimal)

	DMIN1.           423743	Entry	Relocatable 	

		*************

		LINK symbol map of	RTL		page 13


DSIGN.	from DSK:MTHLIB.REL	created by MACRO on 27-May-88 at 14:59:43
	High segment starts at	423764 ends at	423773 length	    10 (octal),     8. (decimal)

	DSIGN.           423765	Entry	Relocatable 	
		*************

DFLOT.	from DSK:MTHLIB.REL	created by MACRO on 27-May-88 at 14:59:43
	High segment starts at	423774 ends at	423776 length	     3 (octal),     3. (decimal)

	DFLOT.           423775	Entry	Relocatable 	

		*************

IDINT.	from DSK:MTHLIB.REL	created by MACRO on 27-May-88 at 14:59:43
	High segment starts at	423777 ends at	424001 length	     3 (octal),     3. (decimal)

	IDINT.           424000	Entry	Relocatable 	
		*************

DBLE.	from DSK:MTHLIB.REL	created by MACRO on 27-May-88 at 14:59:43
	High segment starts at	424002 ends at	424005 length	     4 (octal),     4. (decimal)

	DBLE.            424003	Entry	Relocatable 	

		*************

DFL.0	from DSK:MTHLIB.REL	created by MACRO on 27-May-88 at 14:59:43
	High segment starts at	424006 ends at	424015 length	    10 (octal),     8. (decimal)

	DFL.0            424007	Entry	Relocatable 	
		*************

DFL.4	from DSK:MTHLIB.REL	created by MACRO on 27-May-88 at 14:59:43
	High segment starts at	424016 ends at	424025 length	    10 (octal),     8. (decimal)

	DFL.4            424017	Entry	Relocatable 	

		*************

IDF.0	from DSK:MTHLIB.REL	created by MACRO on 27-May-88 at 14:59:43
	High segment starts at	424026 ends at	424042 length	    15 (octal),    13. (decimal)

	IDF.0            424027	Entry	Relocatable 	
		*************

DDIM.	from DSK:MTHLIB.REL	created by MACRO on 27-May-88 at 14:59:43
	High segment starts at	424043 ends at	424067 length	    25 (octal),    21. (decimal)

	DDIM.            424044	Entry	Relocatable 	

		*************

		LINK symbol map of	RTL		page 14


DINT.	from DSK:MTHLIB.REL	created by MACRO on 27-May-88 at 14:59:43
	High segment starts at	424070 ends at	424117 length	    30 (octal),    24. (decimal)

	DINT.            424071	Entry	Relocatable 	
		*************

DNINT.	from DSK:MTHLIB.REL	created by MACRO on 27-May-88 at 14:59:43
	High segment starts at	424120 ends at	424154 length	    35 (octal),    29. (decimal)

	DNINT.           424121	Entry	Relocatable 	

		*************

DPROD.	from DSK:MTHLIB.REL	created by MACRO on 27-May-88 at 14:59:43
	Low  segment starts at	204532 ends at	204537 length	     6 (octal),     6. (decimal)
	High segment starts at	424155 ends at	424167 length	    13 (octal),    11. (decimal)

	DPROD.           424156	Entry	Relocatable 	
		*************

IDNIN.	from DSK:MTHLIB.REL	created by MACRO on 27-May-88 at 14:59:43
	High segment starts at	424170 ends at	424224 length	    35 (octal),    29. (decimal)

	IDNIN.           424171	Entry	Relocatable 	

		*************

ALOG.	from DSK:MTHLIB.REL	created by MACRO on 27-May-88 at 14:59:43
	Low  segment starts at	204540 ends at	204544 length	     5 (octal),     5. (decimal)
	High segment starts at	424225 ends at	424331 length	   105 (octal),    69. (decimal)

	ALG10.           424226	Entry	Relocatable 		ALOG.            424240	Entry	Relocatable 	

		*************

AMOD.	from DSK:MTHLIB.REL	created by MACRO on 27-May-88 at 14:59:43
	Low  segment starts at	204545 ends at	204550 length	     4 (octal),     4. (decimal)
	High segment starts at	424332 ends at	424400 length	    47 (octal),    39. (decimal)

	AMOD.            424333	Entry	Relocatable 	
		*************

ASIN.	from DSK:MTHLIB.REL	created by MACRO on 27-May-88 at 14:59:43
	Low  segment starts at	204551 ends at	204553 length	     3 (octal),     3. (decimal)
	High segment starts at	424401 ends at	424524 length	   124 (octal),    84. (decimal)

	ACOS.            424402	Entry	Relocatable 	
	ASIN.            424406	Entry	Relocatable 	
		*************

		LINK symbol map of	RTL		page 15


ATAN.	from DSK:MTHLIB.REL	created by MACRO on 27-May-88 at 14:59:43
	Low  segment starts at	204554 ends at	204561 length	     6 (octal),     6. (decimal)
	High segment starts at	424525 ends at	425105 length	   361 (octal),   241. (decimal)

	ATAN.            424526	Entry	Relocatable 	
	ATAN2.           424601	Entry	Relocatable 	
		*************

COSH.	from DSK:MTHLIB.REL	created by MACRO on 27-May-88 at 14:59:43
	Low  segment starts at	204562 ends at	204566 length	     5 (octal),     5. (decimal)
	High segment starts at	425106 ends at	425156 length	    51 (octal),    41. (decimal)

	COSH.            425107	Entry	Relocatable 	

		*************

EXP1.	from DSK:MTHLIB.REL	created by MACRO on 27-May-88 at 14:59:43
	High segment starts at	425157 ends at	425224 length	    46 (octal),    38. (decimal)

	EXP1.            425160	Entry	Relocatable 	
		*************

EXP2.	from DSK:MTHLIB.REL	created by MACRO on 27-May-88 at 14:59:43
	Low  segment starts at	204567 ends at	204571 length	     3 (octal),     3. (decimal)
	High segment starts at	425225 ends at	425345 length	   121 (octal),    81. (decimal)

	EXP2.            425226	Entry	Relocatable 	

		*************

EXP3.	from DSK:MTHLIB.REL	created by MACRO on 27-May-88 at 14:59:43
	Low  segment starts at	204572 ends at	204574 length	     3 (octal),     3. (decimal)
	High segment starts at	425346 ends at	425666 length	   321 (octal),   209. (decimal)

	EXP3.            425347	Entry	Relocatable 	
		*************

RANS	from DSK:MTHLIB.REL	created by MACRO on 27-May-88 at 14:59:43
	Low  segment starts at	204575 ends at	205002 length	   206 (octal),   134. (decimal)
	High segment starts at	425667 ends at	425732 length	    44 (octal),    36. (decimal)

	RANS             425670	Entry	Relocatable 	

		*************

RAN	from DSK:MTHLIB.REL	created by MACRO on 27-May-88 at 14:59:43
	Low  segment starts at	205003 ends at	205004 length	     2 (octal),     2. (decimal)
	High segment starts at	425733 ends at	425761 length	    27 (octal),    23. (decimal)

	RAN              425743	Entry	Relocatable 		SAVRAN           425753	Entry	Relocatable 	
	SETRAN           425734	Entry	Relocatable 	
		*************

		LINK symbol map of	RTL		page 16


SIN.	from DSK:MTHLIB.REL	created by MACRO on 27-May-88 at 14:59:43
	High segment starts at	425762 ends at	426167 length	   206 (octal),   134. (decimal)

	COS.             426035	Entry	Relocatable 	
	COSD.            425763	Entry	Relocatable 		SIN.             426063	Entry	Relocatable 	
	SIND.            426011	Entry	Relocatable 	
		*************

SINH.	from DSK:MTHLIB.REL	created by MACRO on 27-May-88 at 14:59:43
	Low  segment starts at	205005 ends at	205007 length	     3 (octal),     3. (decimal)
	High segment starts at	426170 ends at	426267 length	   100 (octal),    64. (decimal)

	SINH.            426171	Entry	Relocatable 	

		*************

SQRT.	from DSK:MTHLIB.REL	created by MACRO on 27-May-88 at 14:59:43
	High segment starts at	426270 ends at	426322 length	    33 (octal),    27. (decimal)

	SQRT.            426271	Entry	Relocatable 	
		*************

TAN.	from DSK:MTHLIB.REL	created by MACRO on 27-May-88 at 14:59:43
	High segment starts at	426323 ends at	426464 length	   142 (octal),    98. (decimal)

	COTAN.           426324	Entry	Relocatable 	
	TAN.             426340	Entry	Relocatable 	
		*************

TANH.	from DSK:MTHLIB.REL	created by MACRO on 27-May-88 at 14:59:43
	Low  segment starts at	205010 ends at	205012 length	     3 (octal),     3. (decimal)
	High segment starts at	426465 ends at	426540 length	    54 (octal),    44. (decimal)

	TANH.            426466	Entry	Relocatable 	

		*************

EXP.	from DSK:MTHLIB.REL	created by MACRO on 27-May-88 at 14:59:43
	Low  segment starts at	205013 ends at	205013 length	     1 (octal),     1. (decimal)
	High segment starts at	426541 ends at	426634 length	    74 (octal),    60. (decimal)

	EXP.             426542	Entry	Relocatable 	
		*************

FLOAT.	from DSK:MTHLIB.REL	created by MACRO on 27-May-88 at 14:59:43
	High segment starts at	426635 ends at	426640 length	     4 (octal),     4. (decimal)

	FLOAT.           426636	Entry	Relocatable 	

		*************

		LINK symbol map of	RTL		page 17


IFIX.	from DSK:MTHLIB.REL	created by MACRO on 27-May-88 at 14:59:43
	High segment starts at	426641 ends at	426646 length	     6 (octal),     6. (decimal)

	IFIX.            426644	Entry	Relocatable 		INT.             426642	Entry	Relocatable 	

		*************

ABS.	from DSK:MTHLIB.REL	created by MACRO on 27-May-88 at 14:59:43
	High segment starts at	426647 ends at	426657 length	    11 (octal),     9. (decimal)

	ABS.             426650	Entry	Relocatable 		IABS.            426653	Entry	Relocatable 	

		*************

DIM.	from DSK:MTHLIB.REL	created by MACRO on 27-May-88 at 14:59:43
	High segment starts at	426660 ends at	426675 length	    16 (octal),    14. (decimal)

	DIM.             426661	Entry	Relocatable 	
		*************

IDIM.	from DSK:MTHLIB.REL	created by MACRO on 27-May-88 at 14:59:43
	High segment starts at	426676 ends at	426707 length	    12 (octal),    10. (decimal)

	IDIM.            426677	Entry	Relocatable 	

		*************

SIGN.	from DSK:MTHLIB.REL	created by MACRO on 27-May-88 at 14:59:43
	High segment starts at	426710 ends at	426725 length	    16 (octal),    14. (decimal)

	ISIGN.           426716	Entry	Relocatable 		SIGN.            426711	Entry	Relocatable 	

		*************

AINT.	from DSK:MTHLIB.REL	created by MACRO on 27-May-88 at 14:59:43
	High segment starts at	426726 ends at	426737 length	    12 (octal),    10. (decimal)

	AINT.            426727	Entry	Relocatable 	
		*************

MOD.	from DSK:MTHLIB.REL	created by MACRO on 27-May-88 at 14:59:43
	High segment starts at	426740 ends at	426751 length	    12 (octal),    10. (decimal)

	MOD.             426741	Entry	Relocatable 	

		*************

MAX.	from DSK:MTHLIB.REL	created by MACRO on 27-May-88 at 14:59:43
	High segment starts at	426752 ends at	427000 length	    27 (octal),    23. (decimal)

	AMAX0.           426765	Entry	Relocatable 		AMAX1.           426753	Entry	Relocatable 	
	MAX0.            426756	Entry	Relocatable 		MAX1.            426761	Entry	Relocatable 	

		LINK symbol map of	RTL		page 18

		*************

MIN.	from DSK:MTHLIB.REL	created by MACRO on 27-May-88 at 14:59:43
	High segment starts at	427001 ends at	427027 length	    27 (octal),    23. (decimal)

	AMIN0.           427014	Entry	Relocatable 		AMIN1.           427002	Entry	Relocatable 	
	MIN0.            427005	Entry	Relocatable 		MIN1.            427010	Entry	Relocatable 	

		*************

ANINT.	from DSK:MTHLIB.REL	created by MACRO on 27-May-88 at 14:59:43
	High segment starts at	427030 ends at	427054 length	    25 (octal),    21. (decimal)

	ANINT.           427031	Entry	Relocatable 	
		*************

NINT.	from DSK:MTHLIB.REL	created by MACRO on 27-May-88 at 14:59:43
	High segment starts at	427055 ends at	427077 length	    23 (octal),    19. (decimal)

	NINT.            427056	Entry	Relocatable 	

		*************

SNGL.	from DSK:MTHLIB.REL	created by MACRO on 27-May-88 at 14:59:43
	High segment starts at	427100 ends at	427102 length	     3 (octal),     3. (decimal)

	SNGL.            427101	Entry	Relocatable 	
		*************

SNG.0	from DSK:MTHLIB.REL	created by MACRO on 27-May-88 at 14:59:43
	High segment starts at	427103 ends at	427127 length	    25 (octal),    21. (decimal)

	SNG.0            427104	Entry	Relocatable 	

		*************

SNG.2	from DSK:MTHLIB.REL	created by MACRO on 27-May-88 at 14:59:43
	High segment starts at	427130 ends at	427154 length	    25 (octal),    21. (decimal)

	SNG.2            427131	Entry	Relocatable 	
		*************

SNG.4	from DSK:MTHLIB.REL	created by MACRO on 27-May-88 at 14:59:43
	High segment starts at	427155 ends at	427201 length	    25 (octal),    21. (decimal)

	SNG.4            427156	Entry	Relocatable 	

		*************

MTHMSG	from DSK:MTHLIB.REL	created by MACRO on 27-May-88 at 14:59:43
	High segment starts at	427202 ends at	430120 length	   717 (octal),   463. (decimal)

	L.888            427506	Entry	Relocatable 		L.999            427477	Entry	Relocatable 	
	L.AII            427353	Entry	Relocatable 		L.AIR            427344	Entry	Relocatable 	
		LINK symbol map of	RTL		page 19
MTHMSG
	L.AIZ            427326	Entry	Relocatable 		L.AOI            427434	Entry	Relocatable 	
	L.ARZ            427335	Entry	Relocatable 		L.ATI            427301	Entry	Relocatable 	
	L.ATZ            427272	Entry	Relocatable 		L.AZM            427362	Entry	Relocatable 	
	L.BAZ            427443	Entry	Relocatable 		L.BPI            427407	Entry	Relocatable 	
	L.BPO            427254	Entry	Relocatable 		L.BPU            427263	Entry	Relocatable 	
	L.IPO            427236	Entry	Relocatable 		L.IPU            427220	Entry	Relocatable 	
	L.MFX            427524	Entry	Relocatable 		L.MZZ            427470	Entry	Relocatable 	
	L.NAA            427416	Entry	Relocatable 		L.NNA            427452	Entry	Relocatable 	
	L.NOR            427515	Entry	Relocatable 		L.ROV            427202	Entry	Relocatable 	
	L.RPO            427245	Entry	Relocatable 		L.RPU            427227	Entry	Relocatable 	
	L.RTI            427310	Entry	Relocatable 		L.RTR            427317	Entry	Relocatable 	
	L.RUN            427211	Entry	Relocatable 		L.ZCI            427400	Entry	Relocatable 	
	L.ZIZ            427425	Entry	Relocatable 		L.ZNI            427461	Entry	Relocatable 	
	L.ZZZ            427371	Entry	Relocatable 	
		*************

MACREL	from SYS:MACREL.REL	created by MACRO on 26-May-88 at  5:38:07
	Low  segment starts at	205014 ends at	205325 length	   312 (octal),   202. (decimal)

	CFIBF      104000000100	Global	Absolute    	
	DOBE       104000000104	Global	Absolute    		ERSTR      104000000011	Global	Absolute    	
	HALTF      104000000170	Global	Absolute    		JSERR0           205034	Global	Relocatable 	
	JSHLT0           205053	Global	Relocatable 		JSMSG0           205042	Global	Relocatable 	
	PC%AFI       1000000000	Global	Absolute    Suppressed	PC%ATN        600000000	Global	Absolute    Suppressed
	PC%BIS      20000000000	Global	Absolute    Suppressed	PC%CY0     200000000000	Global	Absolute    Suppressed
	PC%CY1     100000000000	Global	Absolute    Suppressed	PC%LIP       2000000000	Global	Absolute    Suppressed
	R                205205	Global	Relocatable 		RSKP             205204	Global	Relocatable 	
	VI%DEC           400000	Global	Absolute    Suppressed	.$1817     750000000000	Global	Absolute    Suppressed
	.$1835     760000000000	Global	Absolute    Suppressed	.$1836     740000000000	Global	Absolute    Suppressed
	.$611      470000000000	Global	Absolute    Suppressed	.$617      500000000000	Global	Absolute    Suppressed
	.$623      510000000000	Global	Absolute    Suppressed	.$629      520000000000	Global	Absolute    Suppressed
	.$635      530000000000	Global	Absolute    Suppressed	.$636      450000000000	Global	Absolute    Suppressed
	.$65       460000000000	Global	Absolute    Suppressed	.$713      630000000000	Global	Absolute    Suppressed
	.$720      640000000000	Global	Absolute    Suppressed	.$727      650000000000	Global	Absolute    Suppressed
	.$734      660000000000	Global	Absolute    Suppressed	.$736      610000000000	Global	Absolute    Suppressed
	.$76       620000000000	Global	Absolute    Suppressed	.$815      560000000000	Global	Absolute    Suppressed
	.$823      570000000000	Global	Absolute    Suppressed	.$831      600000000000	Global	Absolute    Suppressed
	.$836      540000000000	Global	Absolute    Suppressed	.$87       550000000000	Global	Absolute    Suppressed
	.$917      710000000000	Global	Absolute    Suppressed	.$926      720000000000	Global	Absolute    Suppressed
	.$935      730000000000	Global	Absolute    Suppressed	.$936      670000000000	Global	Absolute    Suppressed
	.$98       700000000000	Global	Absolute    Suppressed	.%1017     560000000000	Global	Absolute    Suppressed
	.%1027     570000000000	Global	Absolute    Suppressed	.%1037     600000000000	Global	Absolute    Suppressed
	.%1044     540000000000	Global	Absolute    Suppressed	.%107      550000000000	Global	Absolute    Suppressed
	.%1110     700000000000	Global	Absolute    Suppressed	.%1121     710000000000	Global	Absolute    Suppressed
	.%1132     720000000000	Global	Absolute    Suppressed	.%1143     730000000000	Global	Absolute    Suppressed
	.%1144     670000000000	Global	Absolute    Suppressed	.%2221     750000000000	Global	Absolute    Suppressed
	.%2243     760000000000	Global	Absolute    Suppressed	.%2244     740000000000	Global	Absolute    Suppressed
	.%613      470000000000	Global	Absolute    Suppressed	.%621      500000000000	Global	Absolute    Suppressed
	.%627      510000000000	Global	Absolute    Suppressed	.%635      520000000000	Global	Absolute    Suppressed
	.%643      530000000000	Global	Absolute    Suppressed	.%644      450000000000	Global	Absolute    Suppressed
	.%65       460000000000	Global	Absolute    Suppressed	.%715      630000000000	Global	Absolute    Suppressed
	.%724      640000000000	Global	Absolute    Suppressed	.%733      650000000000	Global	Absolute    Suppressed
	.%742      660000000000	Global	Absolute    Suppressed	.%744      610000000000	Global	Absolute    Suppressed
	.%76       620000000000	Global	Absolute    Suppressed	.ASRET           205162	Global	Relocatable 	
		LINK symbol map of	RTL		page 20
MACREL
	.ASSET           205154	Global	Relocatable 		.CHAL2              176	Global	Absolute    Suppressed
	.CHALT              175	Global	Absolute    Suppressed	.CHBSP               10	Global	Absolute    Suppressed
	.CHCBS               34	Global	Absolute    Suppressed	.CHCCF               36	Global	Absolute    Suppressed
	.CHCNA                1	Global	Absolute    Suppressed	.CHCNB                2	Global	Absolute    Suppressed
	.CHCNC                3	Global	Absolute    Suppressed	.CHCND                4	Global	Absolute    Suppressed
	.CHCNE                5	Global	Absolute    Suppressed	.CHCNF                6	Global	Absolute    Suppressed
	.CHCNN               16	Global	Absolute    Suppressed	.CHCNO               17	Global	Absolute    Suppressed
	.CHCNP               20	Global	Absolute    Suppressed	.CHCNQ               21	Global	Absolute    Suppressed
	.CHCNR               22	Global	Absolute    Suppressed	.CHCNS               23	Global	Absolute    Suppressed
	.CHCNT               24	Global	Absolute    Suppressed	.CHCNU               25	Global	Absolute    Suppressed
	.CHCNV               26	Global	Absolute    Suppressed	.CHCNW               27	Global	Absolute    Suppressed
	.CHCNX               30	Global	Absolute    Suppressed	.CHCNY               31	Global	Absolute    Suppressed
	.CHCNZ               32	Global	Absolute    Suppressed	.CHCRB               35	Global	Absolute    Suppressed
	.CHCUN               37	Global	Absolute    Suppressed	.CHDEL              177	Global	Absolute    Suppressed
	.CHESC               33	Global	Absolute    Suppressed	.CHFFD               14	Global	Absolute    Suppressed
	.CHNUL                0	Global	Absolute    Suppressed	.CHSEM               73	Global	Absolute    Suppressed
	.CHSPC               40	Global	Absolute    Suppressed	.CHVTB               13	Global	Absolute    Suppressed
	.ENTER           205254	Global	Relocatable 		.FWORD     777777777777	Global	Absolute    Suppressed
	.LHALF     777777000000	Global	Absolute    Suppressed	.MINFI     400000000000	Global	Absolute    Suppressed
	.P06       450000000000	Global	Absolute    Suppressed	.P0605     460000000000	Global	Absolute    Suppressed
	.P0611     470000000000	Global	Absolute    Suppressed	.P0617     500000000000	Global	Absolute    Suppressed
	.P0623     510000000000	Global	Absolute    Suppressed	.P0629     520000000000	Global	Absolute    Suppressed
	.P0635     530000000000	Global	Absolute    Suppressed	.P0636     450000000000	Global	Absolute    Suppressed
	.P07       610000000000	Global	Absolute    Suppressed	.P0706     620000000000	Global	Absolute    Suppressed
	.P0713     630000000000	Global	Absolute    Suppressed	.P0720     640000000000	Global	Absolute    Suppressed
	.P0727     650000000000	Global	Absolute    Suppressed	.P0734     660000000000	Global	Absolute    Suppressed
	.P0736     610000000000	Global	Absolute    Suppressed	.P08       540000000000	Global	Absolute    Suppressed
	.P0807     550000000000	Global	Absolute    Suppressed	.P0815     560000000000	Global	Absolute    Suppressed
	.P0823     570000000000	Global	Absolute    Suppressed	.P0831     600000000000	Global	Absolute    Suppressed
	.P0836     540000000000	Global	Absolute    Suppressed	.P09       670000000000	Global	Absolute    Suppressed
	.P0908     700000000000	Global	Absolute    Suppressed	.P0917     710000000000	Global	Absolute    Suppressed
	.P0926     720000000000	Global	Absolute    Suppressed	.P0935     730000000000	Global	Absolute    Suppressed
	.P0936     670000000000	Global	Absolute    Suppressed	.P18       740000000000	Global	Absolute    Suppressed
	.P1817     750000000000	Global	Absolute    Suppressed	.P1835     760000000000	Global	Absolute    Suppressed
	.P1836     740000000000	Global	Absolute    Suppressed	.PRIIN              100	Global	Absolute    Suppressed
	.RHALF           777777	Global	Absolute    Suppressed	.RLEND           205325	Global	Relocatable Suppressed
	.SARET           205175	Global	Relocatable 		.SASET           205167	Global	Relocatable 	
	.SAV1            205206	Global	Relocatable 		.SAV2            205214	Global	Relocatable 	
	.SAV3            205224	Global	Relocatable 		.SAV4            205224	Global	Relocatable 	
	.SAV8            205236	Global	Relocatable 		.STKRT           205064	Global	Relocatable 	
	.STKST           205060	Entry	Relocatable 		.TRRET           205125	Global	Relocatable 	
	.TRSET           205120	Global	Relocatable 		.XSTKR           205106	Global	Relocatable 	
	.XSTKS           205103	Entry	Relocatable 		.XTRRT           205144	Global	Relocatable 	
	.XTRST           205140	Global	Relocatable 	
		*************


	Index to LINK symbol map of	RTL		page 21

	Name	Page	Name	Page	Name	Page	Name	Page

	ABS.	17	CMPL.I	 5	DSQRT.	12	GTOD	10
	AIMAG.	 5	CMPLX.	 5	DTAN.	12	IDF.0	13
	AINT.	17	CONJG.	 5	DTANH.	12	IDIM.	17
	ALOG.	14	COPYR	 1	DTOG	 9	IDINT.	13
	AMOD.	14	COSH.	15	DYNTRP	 3	IDNIN.	14
	ANINT.	18	CSIN.	 4	EXP.	16	IFIX.	17
	ASIN.	14	CSQRT.	 4	EXP1.	15	IGNIN.	10
	ATAN.	15	DABS.	12	EXP2.	15	MACREL	19
	CABS.	 4	DASIN.	10	EXP3.	15	MAX.	17
	CDABS.	 5	DATAN.	10	FACERR	 3	MEM	 2
	CDEXP.	 6	DBLE.	13	FAKDYN	 2	MIN.	18
	CDLOG	 6	DCOSH.	11	FAO	 3	MOD.	17
	CDLOG	 6	DDIM.	13	FLOAT.	16	MTHDYN	 3
	CDSIN.	 6	DEXP.	12	GASIN.	 8	MTHMSG	18
	CDSQT.	 6	DEXP2.	11	GATAN.	 8	NINT.	18
	CEXP.	 4	DEXP3.	11	GCOSH.	 8	RAN	15
	CEXP3.	 4	DFL.0	13	GDIM.	10	RANS	15
	CGABS.	 6	DFL.4	13	GEXP.	 9	RTLDYN	 1
	CGCOS	 7	DFLOT.	13	GEXP2.	 8	RTLMSC	 4
	CGEXP	 6	DIM.	17	GEXP3.	 8	SIG	 2
	CGEXP.	 7	DINT.	14	GINT.	10	SIGN.	17
	CGLOG	 7	DLOG.	11	GLOG.	 8	SIN.	16
	CGLOG	 7	DMAX1.	12	GMOD.	 8	SINH.	16
	CGSIN	 7	DMIN1.	12	GNINT.	10	SNG.0	18
	CGSIN.	 7	DMOD.	11	GPROD.	10	SNG.2	18
	CGSQRT	 7	DNINT.	14	GSIN.	 9	SNG.4	18
	CGSQT.	 7	DPROD.	14	GSINH.	 9	SNGL.	18
	CLOG.	 4	DSIGN.	13	GSQRT.	 9	SQRT.	16
	CMPL.C	 5	DSIN.	11	GTAN.	 9	TAN.	16
	CMPL.D	 5	DSINH.	11	GTANH.	 9	TANH.	16
	CMPL.G	 5

	[End of LINK map of	RTL]
  