**TOPS20 MONITOR**
*AUTOPATCH TAPE 019*

Edit	SPR	PCO		Date	        Module	Description
8801	--	   --		   --		GTJFN  PREVENT ILMNRF/RELBAD BY USING JFNLCK
.						JSYSF
8802	--	   --		   --		STG    INCREASE NHOSTS
8803	--	   --		   --		FREE   PREVENT ILMNRF IN RESBSW
8805	--	   --		   --		JSYSM  TCO 7.1260
8806	--	   --		   --		MNETDV TCO 7.1261
8807	--	   --		   --		STG    INCREASE EXT DECNET FREE SPACE POOL
8808	--	   --		   --		CLUDGR PREVENT XBLTAL BUGHLT
8809	--	   --		   --		CLUDGR MORE XBLTAL PREVENTION
8810	--	   --		   --		SCAPAR INCREASE SCA RING BUFFER SIZE
8811    21880   20-MONITO-895    1-MAY-88       JSYSF  JFNS NOT BEING RELEASED        
8812	--	   --		   --		IMPDV  PREVENT SKDPF1/PITRAP
8814	--	   --		   --		STG    BUMP EXT GENERAL POOL SIZE
8815    21715   20-MONITO-897   15-MAY-88       PHYKNI FREESPACE PROBLEMS ON DECNET ROUTING NODES                  
8816	--	   --		   --		SCHED  ADD 3080 - PREVENT ILMNRF
8817	--	   --		   --		JSYSF  FIX 8801 - HUNG JOBS
8818	--	   --		   --		MEXEC  TCO 7.1266 - ASK QUESTIONS ON ENABLE/DISK BUTTONS
8819	--	   --		   --		DSKALC ADD PASSWORD ENCRYPTION TO /G143
8820	--	   --		   --		JSYSF  RELEASE JFNLCK
8821    20801   20-MONITO-898    1-MAY-86       JSYSA  JOBS ARE SET INTO RANDOM SCHEDULER CLASSES                  
8823	21883	   --		   --		DIRECT PREVENT OFNBDB BUGHLT
.						PROLOG
8824	--	   --		   --		LATSRV TCO 7.1270 FIX .LARHC INTERRUPTS
8825	--	   --		   --		CLUDGR STOP WAKING WRONG FORKS
8826    21937   20-MONITO-899    1-JUN-88       JSYSM  ZERO/BLANK USAGE RECORDS WHEN PROXY (AT%TRM) ATACH DONE     
8828	--	   --		   --		IMPDV  PREVENT SKDPF1/PITRAP
.						IPIPIP/MNETDV/TCPJFN
8829	--	   --		   --		JSYSF  FIX HUNG JOBS - RELEASE FILLCK
8830	--	   --		   --		PHYM78 TCO 7.1275
8831	--	   --		   --		JSYSF  PREVENT BAD MSGS ON COPY FROM TTY:
8832	--	   --		   --		DSKALC TCO 7.1276
.						PHYPAR/PHYMSC
8833	--	   --		   --		PHYSIO TCO 7.1278 SUPRESS ONSTR/OFFSTR
.						FREE
8834	--	   --		   --		JSYSM  FIX HANDLING OF USAGE JSYS FOR MOUNTR
8835    21910   20-MONITO-900   15-JUN-88       MAGTAP DUMPI/DUMPO FAILS TO READ BUFFERSIZE OF 7770(10) WORDS      
8836	--	   --		   --		DTESRV TCO 7.1280 REMOVE 7449
8838	--	   --		   --		LATSRV INTERLOCK MULTICAST MESSAGE
8839    21881   20-MONITO-901    1-JUL-88       PAGEM  NSKDIS BUGHLTS WITH PCO 880 INSTALLED                       
8840    21691   20-MONITO-902    1-JUL-88       PAGUTL OFJFBD BUGHLTs                                              
8841	--	   --		   --		GLOBS  FIX IPCF TRNSFERS AND ADD HOOKS FOR GTDOM%
.						IPIPIP/IPCF
8842	--	   --		   --		STG    MAKE DEVCHR RESIDENT
8843	--	   --		   --		PHYKLP REIMPLEMENT SANCHK ROUTINE
8844	--	   --		   --		JSYSF  FIX <OPERATOR> PROBLEMS WITH SMALL PASSWORD
8845	--	   --		   --		LATSRV MOVE UNUID FLAGS BACK TO XMTDON
8846	--	   --		   --		ENQ    HUNG JOBS IN ENQTST
8847	--	   --		   --		ENQSRV HUNG JOBS IN EVWAIT
8848	--	   --		   --		ENQSRV MORE OF 8847
8850	--	   --		   --		JSYSA  ADD .SFSEA/.SFLTS TO TMON%
.						CLUDGR/CLUFRK
8851	--	   --		   --		PHYKNI DEFINE ETHADR
.						STG
8852	--	   --		   --		LATSRV ADD VCRCHK ROUTINE FOR VALID CHR CHECK OF LAT NAME
8853    21931   20-MONITO-903      --           STG    STRANGE BEHAVIOR FROM NODE% JSYS ON NON-DECNET SYSTEMS      
8854	21925	   --		   --		IPNIDV REDO IPABFL BUGCHK LOGIC
.						GLOBS/STG
8855    21891   20-MONITO-905      --           PHYH2  ILLGO BUGHLTS WITH WRITE-VERIFICATION ENABLED               
8856	--	   --		   --		JSYSF  PREVENT PARTIAL DIRECTORY ON CRDIR BOMB
8857    21879   20-MONITO-904      --           PHYKLP SYSTEM HUNG WHEN BOOTING                                    
8858    21894   20-MONITO-906      --           TAPE   INVALID TAPE HDR1 SEQ NUMBER WHEN MULTI-SAVESET SPANS REELS 
8859    22242   20-MONITO-907      --           CLUDGR ILFPTE BUGHLTS AND STRANGE INFO% BEHAVIOR                   

*AUTOPATCH TAPE 020*

Edit	SPR	PCO		Date	        Module	Description
8861	21933	20-MONITO-909	 1-SEP-88	MSTR   Forced dismount of structure takes too long
8862	21890	20-MONITO-908	 1-SEP-88	DSKALC CHECKD dies with illegal instruction trap
8863	--	   --		   --		CFSSRV Increase STKVAR so that we don't trash stacks and cause ILMNRFs.
8865	--	   --		   --		MAGTAP Return an error code (MTNX02) if a zero serial number is supplied to MTALN%.
8866	--	   --		   --		CLUDGR Make CLUDGR handle CLUBUF and CLNEED handle low credit
.						CLUFRK/CLUPAR
8867	--	   --		   --		CLUDGR Make a mnemonic for 2*NFKS called MAXBUF.
8868	--	   --		   --		DSKALC Add new BUGINF LGSMIS if Login Structure is not found by FNDLGS. 
8869	21717	20-MONITO-913	 1-OCT-88	PAGUTL Prevent CFSOFB BUGHLTs by getting write token in UPDOFN 
8870	21930	20-MONITO-912	 1-OCT-88	DISC   Prevent OPNX9 when file goes long and PT0 access is incorrect 
8871	22252	20-MONITO-911	 1-OCT-88	CFSUSR Fix CFSJYN to prevent CFSVFL BUGHLTs and duplicate job numbers
8872	--	   --		   --		APRSRV Update BUG. documentation again.
8873	--	   --		   --		CFSUSR Update BUG. documentation again.
8874	--	   --		   --		CFSSRV Update BUG. documentation again.
8875	--	   --		   --		CIDLL  Update BUG. documentation again.
8876	--	   --		   --		CLUDGR Update BUG. documentation.
8877	--	   --		   --		CLUFRK Update BUG. documentation.
8878	--	   --		   --		CTHSRV Update BUG. documentation. 
8879	--	   --		   --		D36COM Update BUG. documentation.
8880	--	   --		   --		DEVICE Update BUG. documentation. 
8881	--	   --		   --		DIRECT Update BUG. documentation.
8882	--	   --		   --		DISC   Update BUG. documentation.
8884	--	   --		   --		DIRECT Update BUG. documentation.
8885	--	   --		   --		CLUDGR Prevent CLUHST from filling up with stale entries
8886	--	   --		   --		DISC   Update BUG. documentation.
8887	--	   --		   --		DNADLL Update BUG. documentation.
8888	--	   --		   --		DSKALC Update BUG. documentation.
8889	--	   --		   --		DTESRV Update BUG. documentation.
8890	21932	20-MONITO-914	 1-NOV-88	MSTR   Attempt to up mount count for job exclusive structure should return DEVX2
8891	--	   --		   --		IMPANX Update BUG. documentation.
8892	--	   --		   --		IMPANX This time really update thge BUG. documentation.
8893	--	   --		   --		IMPDV  Update BUG.documetation.
8894	--	   --		   --		IO     Update BUG. documentation.
8895	--	   --		   --		IPCF   Update BUG. documentation.
8896	--	   --		   --		IPCIDV Update BUG. documentation.
8897	--	   --		   --		IPFREE Update BUG. documentation.
8898	--	   --		   --		IPIPIP Update BUG. documentation.
8899	--	   --		   --		IPNIDV Update BUG. documentation.
8900	--	   --		   --		JSYSA  Update BUG. documentation.
8901	--	   --		   --		JSYSF  Update BUG. documentation.
8902	--	   --		   --		JSYSM  Update BUG. documentation.
8904	--	   --		   --		ENQSRV Improve BUG. documentation 
8905	--	   --		   --		FILINI Improve BUG. documentation 
8906	--	   --		   --		PAGEM  Update BUG. documentation. 
.						PAGUTL
8907	--	   --		   --		FILMSC Improve BUG. documentation 
8908	--	   --		   --		PHYSIO Update BUG. documentation. 
.						PHYH2/PHYKLP/PHYKNI/PHYM2/PHYP2/PHYP4/PHYX2
8909	--	   --		   --		PHYKLP Fix typeo in edit 8908
8910	--	   --		   --		FORK   Improve BUG. documentation
8911	--	   --		   --		FILMSC Improve BUG. documentation
8913	--	   --		   --		PHYM78 Update BUG. documentation. 
.						PHYMSC/PHYMVR
8914	--	   --		   --		SCAMPI Update BUG. documentation. 
8912	--	   --		   --		FREE   Improve BUG. documentation
8915	--	   --		   --		FUTILI Improve BUG. documentation
8916	--	   --		   --		GTJFN  Improve BUG. documentation
8917	--	   --		   --		LATSRV Improve BUG. documentation
8918	--	   --		   --		LLINKS Improve BUG. documentation
8919	--	   --		   --		LLMOP  Improve BUG. documentation
8920	--	   --		   --		LOGNAM Improve BUG. documentation
8921	--	   --		   --		LOOKUP Improve BUG. documentation
8922	--	   --		   --		MAGTAP Improve BUG. documentation
8923	--	   --		   --		SCHED  Check DDMP before CHKR at JB0CHK. HPSCHK should output the global job number
8924	--	   --		   --		MEXEC  Improve BUG. documentation
8925	--	   --		   --		PAGEM  Stray "c" at PFAUL7+1 causes ILLUUOs. 
8926	--	   --		   --		MNETDV Improve BUG. documentation
8927	--	   --		   --		NISRV  Improve BUG. documentation
8928	--	   --		   --		NITEST Improve BUG. documentation
8929	--	   --		   --		NIUSR  Improve BUG. documentation
8930	--	   --		   --		NRTSRV Improve BUG. documentation
8931	--	   --		   --		NTMAN  Improve BUG. documentation
8932	--	   --		   --		ROUTER Improve BUG. documentation
8933	--	   --		   --		RSXSRV Improve BUG. documentation
8934	--	   --		   --		SCLINK Update BUG. documentation. 
8935	--	   --		   --		SCNSPJ Update BUG. documentation. 
8936	--	   --		   --		SCSJSY Update BUG. documentation. Change some IFNSK. to IFSKP. 
8937	--	   --		   --		FILMSC Spell MONITR correctly in ACTION field of BUGs!
.						FORK/FREE/FUTILI/GTJFN/LATSRV/LLINKS/LLMOP/LOGNAM/MAGTAP
8938	--	   --		   --		SCJSYS Remove annoying helper line from source code.
8939	--	   --		   --		STG?   Update BUG. documentation. 
8940	--	   --		   --		SWPALC Update BUG. documentation. 
8941	--	   --		   --		SYSERR Update BUG. documentation. 
8942	--	   --		   --		TAPE   Update BUG. documentation. 
8943	--	   --		   --		TCPBBN Update BUG. documentation. 
.						TCPTCP
8944	--	   --		   --		TTYSRV Update BUG. documentation.
8945	--	   --		   --		TVTSRV Update BUG. documentation. 
8946	--	   --		   --		DIRECT Update BUG. documentation, change repeat 0ed DIRDNL to DIRDNX.
8947	--	   --		   --		APRSRV Update more BUG. documentation. 
8948	22244	20-MONITO-915	   --		SCLINK Prevent CFCLDP BUGHLTs - reject too large link number
8949	--	   --		   --		FILINI Update BUG. documentation. 
8950	--	   --		   --		SCHED  Update more BUG. documentation.
8951	--	   --		   --		CFSSRV Improve BUG. documentation some more
8953	--	   --		   --		DSKALC Improve FSICFS description
8954	--	   --		   --		NRTSRV Change module name from TTPHDV to NRTSRV in BUG. descriptions
8952	--	   --		   --		JSYSA  Change "BREAKIN" BUGCHK to be "BREAKI".
8955	--	   --		   --		JSYSM  Improve BUG. documentation some more
8956	--	   --		   --		CFSSRV Fix badly formatted BUG.
8957	--	   --		   --		CFSUSR Lowercase that join message.
8959	--	   --		   --		CFSUSR Wait 10 seconds before output of message in CFSJYN.
8960	--	   --		   --		CFSSRV *Performance* Change IFNSK to IFSKP wherever possible.
8961	21696	   --		   --		CTHSRV Cause routine CTHSRV to also check for duplex mode changes. 
8963	21696	20-MONITO-916	 1-NOV-88	CTHSRV Correct edit 8961 to update the duplex mode only if such a request was made. 
8964	--	   --		   --		CLUDGR Add CLUDGR joining sequence to occur after CFSJYN has finished.
.						GLOBS/MEXEC
8965	21912	20-MONITO-919	 1-DEC-88	ENQ    Add ENQ-DEQ capability to ENQC% .ENQCD function
8966	--	   --		   --		CFSUSR Always output the [Successfully joined CFS cluster] message if we did. 
8967	21879	20-MONITO-917	 1-DEC-88	PHYKLP Check local node wire status before joining CFS cluster
.						CFSUSR
8968	22247	20-MONITO-918	 1-DEC-88	PAGEM  Prevent NSKDT2 BUGCHKs by going NOINT at least once in SECMAP.
8969	   --	   --		   --		MNETDV Prevent ILLUUO and ILMNRF BUGHLTs with bad HOSTS.TXT or INTERNET.ADDRESS
8970	--	   --		   --		APRSRV Prevent ILLUUO BUGHLTs with parity errors during page fault
8971	--	   --		   --		NISRV Move FTHIST out of NISRV and put it in PROLOG where it should be.
.						PROLOG
8972	--	   --		   --		CLUDGR Place CLUEIN BUGINFs under CIBUGX. Heavy sigh over this SCA bug.
8973	--	   --		   --		CFSUSR Only output [Successfully joined CFS cluster] if we have another TOPS-20 node
8974	22263	20-MONITO-923	   --		LATSRV Prevent LAPRBF BUGCHKs on systems without an NIA20.
.						JSYSA/GLOBS
8975	22262	20-MONITO-924	   --		MNETDV Speed up reading HOSTS.TXT file by a factor of 10
8976	--	   --		   --		MSTR   .MSRNU/.MSRUS should return null string for .MSRSN and .MSRSA if offline
8977	21689	20-MONITO-920	 1-DEC-88	CTHSRV Add support for not flushing NULs when a terminal is in ASCII mode. 
.						FILMSC/GLOBS/TTYDEF/TTYSRV
8979	22245	20-MONITO-921	   --		LATSRV Eliminate unnecessary LATNSC type 12s on inactive circuits.
8980	22264	20-MONITO-922	   --		PHYSIO Don't do PDB reads or writes on disks that can't be accessed by another KL10
8981	--	   --		   --		PHYKNI Add NOKLIN. 
8982	   --	   --		   --		MNETDV Prevent "[Internet Network ...]" messages from being split up on the CTY. 

*AUTOPATCH TAPE 021*

Edit	SPR	PCO		Date	        Module	Description
8984	--	   --	   --		PHYMVR Prevent SKDPF1 and PITRAP BUGHLTs if Q1 does not have a legal command block.
8985	--	   --	   --		STG    Prevent someone from setting NHOSTS to something ludicrous.
8986	21549	20-MONITO-925	JAN-89	CTHSRV Correct some problems with SET TERMINAL characteristics 
.					TTYSRV
8987	--	   --	   --		PAGEM  Merge Production changes to BUG text
8988	--	   --	   --		ROUTER Merge Production changes to BUG text
8989	--	   --	   --		PHYKNI Merge Production changes to BUG text
8990	--	   --	   --		PHYM78 Merge Production changes to BUG text
8991	--	   --	   --		SYSERR Merge Production changes to BUG text
8992	--	   --	   --		STG    Merge Production changes to BUG text
8993	--	   --	   --		JSYSM  Merge Production changes to BUG text
8994	--	   --	   --		FUTILI Merge Production changes to BUG text
8995	--	   --	   --		DISC   Merge Production changes to BUG text
8996	--	   --	   --		SCHED  Merge Production changes to BUG text
8997	--	   --	   --		PHYM2  Merge Production changes to BUG text
8998	--	   --	   --		MEXEC  Merge Production changes to BUG text
8999	--	   --	   --		FILINI Merge Production changes to BUG text
9000	--	   --	   --		APRSRV Merge Production changes to BUG text
9001	--	   --	   --		SCSJSY Merge Production changes to BUG text
9002	--	   --	   --		SCAMPI Merge Production changes to BUG text
9003	--	   --	   --		FREE   Merge Production changes to BUG text
9004	--	   --	   --		PHYSIO Merge Production changes to BUG text
9005	--	   --	   --		NRTSRV Merge Production changes to BUG text
9006	--	   --	   --		MNETDV Merge Production changes to BUG text
9007	--	   --	   --		NTMAN  Merge Production changes to BUG text
9008	--	   --	   --		PAGUTL Merge Production changes to BUG text
9009	--	   --	   --		NIUSR  Merge Production changes to BUG text
9010	--	   --	   --		PAGEM  Decide whether we are at PI level or scheduler level before handling the page fault
9011	--	   --	   --		TAPE   Merge Production changes to BUG text
9012	--	   --	   --		SCHED  Add ring buffers for NOSKED/OKSKED/CSKED/ECSKED, put them under SKEDSW conditional.
9013	--	   --	   --		PHYMVR Merge Production changes to BUG text
9014	--	   --	   --		PHYMSC Merge Production changes to BUG text
9015	--	   --	   --		DSKALC Merge Production changes to BUG text
9016	--	   --	   --		PHYKLP Merge Production changes to BUG text
9017	--	   --	   --		FORK   Merge Production changes to BUG text
9018	--	   --	   --		ENQSRV Merge Production changes to BUG text
9019	--	   --	   --		PHYX2  Merge Production changes to BUG text
9020	--	   --	   --		DTESRV Merge Production changes to BUG text
9021	--	   --	   --		SWPALC Merge Production changes to BUG text
9022	--	   --	   --		DNADLL Merge Production changes to BUG text
9023	--	   --	   --		DIRECT Merge Production changes to BUG text
9024	--	   --	   --		CTHSRV Merge Production changes to BUG text
9025	--	   --	   --		JSYSF  Merge Production changes to BUG text
9026	--	   --	   --		D36COM Merge Production changes to BUG text
9027	--	   --	   --		CLUDGR Merge Production changes to BUG text
9028	--	   --	   --		CLUFRK Merge Production changes to BUG text
9029	--	   --	   --		CIDLL  Merge Production changes to BUG text
9030	--	   --	   --		CFSSRV Merge Production changes to BUG text
9031	--	   --	   --		JSYSA  Merge Production changes to BUG text
9032	--	   --	   --		IO     Merge Production changes to BUG text
9033	22041	20-MONITO-926	FEB 89	STG    Increase size of extended terminal freespace pool.
9034	--	   --	   --		PHYKLP Send system name over wire during START/STACK/ACK sequence
9036	--	   --	   --		CLUDGR Notify remote systems of name change. Send name in the last 2 words of connect data
.					CLUFRK/CLUPAR/GLOBS/JNTMAN/PHYKLP/STG
9037	--	   --	   --		MNETDV Fix bug in .GTHHN function of GTHST% and use a better error code
9038	--	   --	   --		PAGUTL Prevent CFSOFB BUGHLTs. Also, obtain exclusive access when updating an OFN.
.					CFSSRV
9039	--	   --	   --		PAGUTL Prevent CFSUSN BUGHLTs during a rename - call CFSFWT.
9041	--	   --	   --		CLUDGR Security enhancements
.					CLUFRK/CTERMD/CTHSRV/DIRECT/FILMSC/FORK/GLOBS/GTJFN/JSYSA/JSYSF/JSYSM/LOGNAM/MEXEC/PROLOG/STG/TTYSRV
9042	--	   --	   --		SCJSYS Give Connect Interrupt if Data Interrupts not enabled & previous state Connect Wait
9043	--	   --	   --		DIRECT Set FB%SEC, if directory is secure, when new generation of existing file is created
9044	--	   --	   --		CTHSRV Strip trailing spaces in username that comes in the CTERM connect intiate message.
9046	--	   --	   --		JSYSF  Prevent RESCHK BUGHLTs by making sure we have the right size for freespace blocks!
.					JSYSA
9047	--	   --	   --		SCJSYS Remove edit 9042. It doesn't work.
9049	--	   --	   --		JSYSF  Pass .FBCTL bits instead of just 0 or 1. Also, indicate to ACJ if file is new or not.
9050	--	   --	   --		JSYSF  Prevent setting password expiration date and time too far in the future
9052	--	   --	   --		JSYSF  Clear .CDPSW, .CDUGP and .CDDGP for the ACJ if a user is clearing any of them
9053	--	   --	   --		PAGEM  Prevent ILMNRFs out of SMAP% (SECMAP) when mapping a file to a process
9056	21909	20-MONITO-927	   --	D36COM Increase the difference between congestion and uncongestion to five blocks 
9054	--	   --	   --		GLOBS  Search SYSTEM:PASSWORD.DICTIONARY when setting passwords
.					JSYSA/JSYSF/STG
9058	--	   --	   --		STG    Add .SFBUG to set SAVTRE. Reverse sense of .SFHDT. ITRAP on errors in .SFDCD. 
.					PHYSIO/JSYSA/JSYSM
9059	--	   --	   --		JSYSA  Fix where ACJRUN is not getting reset during death of ACJ fork through SMON% call.
9060	--	   --	   --		JSYSF  Let someone expire a password by setting the password expiration date and time to -1
9061	--	   --	   --		JSYSM  Edit 9041 introduced a rare timing problem evidenced by vanishing TDBs.
9062	--	   --	   --		TTYSRV TTYASO was two instructions too big.
9063	--	   --	   --		JSYSF  Always call ACJ when FB%SEC bit changes on a file.

*AUTOPATCH TAPE 022*

Edit	SPR	PCO		Date	        Module	Description
9064	22048	20-MONITO-928	 MAY-89	IPCF	FLKTIM bugchks
9065	21562	20-MONITO-929	   --	CTHSRV	FIX CTERM HANGS
.					CTERMD
9066	--	   --		   --	JSYSM	SAVE $2 AT HSYS4+4
9068	--	   --		   --	LATSRV	RETURN "SERVER:PORT" WHEN NTINF% DONE ON LAT LINE
9069	--	   --		   --	STG	INCREASE NHOSTS
9070	--	   --		   --	APRSRV	FIX TODCLK
9071	--	   --		   --	CLUDGR	FIX RELRNG & KLPPCB BUGHLTS
9072	--	   --		   --	JSYSM	PREVENT NSKDIS BUGHLTS WITH CTERM
.					GLOBS/TTYSRV
9073	--	   --		   --	JSYSF	USE LOCK/UNLOCK
9074	--	   --		   --	JSYSM	OUTPUT TERMINAL ORIGIN ON LOGOUT
9075	--	   --		   --	STG	MAKE DUMMY CTMLOK FOR ATACH%
9076	--	   --		   --	CTERMD	DO NOT SET TT%LIC SENDING CHARSACTERISTICS TO VMS
9077	--	   --		   --	JSYSF	FIX JFNS
9078	--	   --		   --	JSYSF	FENCEPOST ERROR IN PWDICT
9080	--	   --		   --	JSYSM	USE JI%ASN AT GETJI1: NOT "1B1"
9081	--	   --		   --	JSYSF	DONT CALL JFNSAT WHILE CSKED
9082	22050	20-MONITO-930	   --	GTJFN	ILPPT3 bughlt
9083	22061	20-MONITO-931	JUN-89	JSYSA	LAT set off after RSX20F reload
.					GLOBS/LATSRV
9084	--	   --		   --	PARAMS	CHANGE FEN FROM ^D14 TO 1
9085	--	   --		   --	MAGTAP	PREVENT ILPAGN
9086	--	   --		   --	JSYSF	FIX 9077
9088	--	   --		   --	JSYSA	ADD .GOGTD/.GOSTD GETOK FUNCTIONS
.					STG

*AUTOPATCH TAPE 023*

Edit	SPR	PCO		Date	        Module	Description
9091	--	   --		   --	CTHSRV	DON'T SEND CHAR MSG TO VMS IF WIDTH 0
9092	--	   --		   --	MAGTAP	FIX EDIT 9085
9093	--	   --		   --	MEXEC	MOVE LOGBUG INTO RSCOD - STOP ILMNRF
9094	22065	20-MONITO-932	 AUG-89 DISC	FILES WITH FB%NDL SET CAUSED PROBLEMS WITH EXPUNGE AND BUILD
9095	--	   --		   --	JSYSA	HANDLE MISSING ACCOUNT DATABASE
9098	--	   --		   --	DATIME	SUPPORT OT%822, ALLOW TIME 2400
9099	--	   --		   --	IPCIDV	FIX SPELLING IN CIPBAD
9100	--	   --		   --	JSYSA	DON'T GIVE INDESERVED RCVTMR
9101	--	   --		   --	DISC	STOP LOOPING ON FILBAT IF ERROR.SYS IS DAMAGED
9102	--	   --		   --	IPCF	FIX SETUP OF INFOPD WITH MUTIL FUNCTION 21
9103	--	   --		   --	JSYSF	PROPERLY CHECK BOTH TAPE NAMES SETTING FIRST AT SET1ST IN ARCF
9104	--	   --		   --	POSTLD	USE GTAD TO SET SYSTAD
9105	--	   --		   --	CLUDGR	FIX XBLTAL BUGHLT - USE CORRECT CI NODE NUMBER IN CHANGE MSG
9106	--	   --		   --	SYSERR	RELOAD 'ROUTINE TO CALL' ADDRESS AT SEBCP5
9107	--	   --		   --	DATIME	FIX TIMEZONE OUTPUT AT OTT5
9108	--	   --		   --	MNETDV	DON'T DEPEND ON INTERNET FORK - FIX HOST TABLE INTERLOCK
9109	--	   --		   --	MEXEC	FIX NON SECTION ZERO ENTRY VECTORS IN CRJOB STARTUP CODE
9110	--	   --		   --	JSYSM	UNDESERVED TIMEX2 ERRORS FROM HSYS% ON ^ECEASE NOW
9111	--	   --		   --	MNETDV	UNLOCK GTHLCK ON ERROR IN GTHNHNN AND GTHNUM
9112	--	   --		   --	COMND	FIX HANDLING OF OWGBPS
9113	--	   --		   --	MEXEC	INCLUDE SYSNAME, STR, DATE TIME ON MSG TO CTY, USERS AND ORION
9114	--	   --		   --	IPFREE	FIX INTERNET FREE SPACE PROBLEMS
9115	--	   --		   --	TCPBBN	MERGE TCP/IP FIXES FROM STANFORD AND SRI-NIC
.					TCPJFN/TCPTCP/STG/ANAUNV/PARAMS/IPIPIP
9116	--	   --		   --	RSXSRV	DON'T TRY TO SHUT OFF CTY LINE
9117	--	   --		   --	TTYSRV	FIX TVT LINE HANDLING
.					TVTSRV/GLOBS/FILMSC

*TSU TAPE 01*

Edit	SPR	PCO		Date	        Module	Description
9119	--	   --		   --	DSKALC IMPLEMENT NEW GETOK FUNCTIONS
.					FORK/STG
9120	--	   --		   --	TTYSRV FIX SOBE% AND DOBE% ON LAT LINES
.					LATSRV
9122	--	   --		   --	CFSSRV PREVENT USE OF SHARED TAPE AT SAME TIME
.					JSYSA/JSYSF
9123	22073	20-MONITO-933	   --	JSYSF  CMS INSERTS NULLS AT END OF NEW FILE
9124	--	   --		   --	JSYSF  FIX ILLUUO IF OPENF% BLOCKED AFTER EDIT 9122
9125	--	   --		   --	JSYSF  PREVENT CFSMTO WHEN OPENF% FAILS FOR MAGTAPE WITH OPNX9
9126	--	   --		   --	JSYSM  REMOVE 9120 - DONT CFOBF% UNLESS SOBE% TIMES OUT
.					TTYSRV/LATSRV
9127	--	   --		   --	IPIPIP STOP IGNORING MULTIPLE PINGS FROM SAME HOST
9128	--	   --		   --	IPIPIP FIX LOGICAL-HOST-MASK KEYWORD
.					MNETDV
9129	--	   --		   --	LATSRV FIXUP LATIST
9130	--	   --		   --	LATSRV FIXUP 9129
9131	--	   --		   --	IPIPIP ALLOW ! COMMENTS IN INTERNET.GGATEWAY
9132	--	   --		   --	MNETDV ALLOW DOT BETWEEN OCTETS IN INTERNET.ADDRESS
9133	--	   --		   --	IPIPIP FIX LOGICAL-HOST-MASK AGAIN

*TSU TAPE 02*

Edit	SPR	PCO		Date	        Module	Description
9134	--	   --		   --	IPIPIP PREVENT FLKINTS WHEN LOADING GATEWAY FILE
9135	--	   --		   --	IPNIDV ALLOW ALTERNATE IP ADDRESS
.					ANAUNV/GLOBS/MNETDV/PARAMS/STG
9136	--	   --		   --	PARAMS DEFINE IPNIAN AS ZERO FOR NON-TCP/IP MONITORS
9137	--	   --		   --	PAGUTL PREVENT CFTYAM BUGHLTS BY GETTING WRITE TOKEN IN ASNOFN
9138	--	   --		   --	TCPTCP PROPERLY RESET TSMXP WHEN RSTADR CALLED, SET TSMXP PROPERLY
9139	22081	20-MONITO-934	MAR-90	IPIPIP ATTEMPT TO USE ALTERNATE IP INTERFACE IF LOCAL INTEFACE IS DOWN
9140	--	   --		   --	TCPTCP IMPLEMENT KARN AND JACOBSON ALGORITHMS AS SPECIFIED BY RFC1122
.					TCPBBN/ANAUNV/STG/GLOBS
9141	--	   --		   --	TCPTCP PREVENT ILMNRFS AT MERGE3 CAUSED BY TCP OPTIONS WITH 0 LENGTH BYTE
9145	--	   --		   --	IPIPIP INTERNET QUEUES ARE NOT RELEASED WHEN FORK IS KILLED
.					JSYSA/GLOBS/TCPBBN
9146	--	   --		   --	TTYSRV TURNING OFF TT%PGM DIDN'T REALLY WORK ON LAT TERMINALS
.					LATSRV
9147	--	   --		   --	DIRECT DON'T PROPAGATE FB%NDL THROUGH DIFFERENT VERSIONS OF FDBS
9148	--	   --		   --	APRSRV UPDATE COPYRIGHT DATE
.					CFSSRV/CLUDGR/COMND/CTERMD/CTHSRV/D36COM/DATIME/DISC/DSKALC
.					FILMSC/FORK/GTJFN/IPCF/IPFREE/IPNIDV/JSYSF/JSYSM/MAGTAP/MEXEC
.					PAGEM/PAGUTL/PARAMS/PHYSIO/POSTLD/RSXSRV/SYSERR/TCPTCP/TVTSRV
9149	--	   --		   --	IPCIDV WHEN CI20 HARDWARE MISSING, OUTPUT NOIPCI BUGCHK
9150	--	   --		   --	TCPTCP SCALE TCPRXO PROPERLY WHEN STORING IT INTO TSDEV
9151	--	   --		   -- 	TCPTCP SEND RIGHT MSS WHEN TALKING TO HOST THAT IS ON NET
9152	--	   --		   --	TCPTCP ALLOW FIXHNG TO ABORT CONNECTIONS THAT ARE IN EST.FIN AND EST.NOT
9153	--	   --		   --	TCPTCP PREVENT HANGS IN PACKETIZER WHEN TCPIPK FAILS
9154	--	   --		   --	TCPTCP PREVENT OCCASIONAL INTWA1 BUGCHKS ON STARTUP AFTER EDIT 9145
9156	--	   --		   --	MNETDV IMPLEMENT DNS RESOLVER, INCLUDING SUPPORT TO READ FILE
.					ANAUNV/GLOBS/STG/TCPCRC/TCPJFN
9157	--	   --		   --	MNETDV REARRANGE HOST TABLES TO REMOVE EDIT 8828
.					IMPDV/IPIPIP/STG/TCPJFN
9158	--	   --		   --	LLMOP  DON'T TRY TO USE A ZERO MSD IN DEQMSD
9159	--	   --		   --	IPIPIP FIX INTLKB AND INTULK SO THAT THEY LOCK AND UNLOCK THE HEADER
9160	--	   --		   --	IMPDV  FIXES FOR MAXLDR \=4, KEEP STATISTICS IN IMPEC9
.					IMPANX/ANAUNV
9161	--	   --		   --	STG    INCREASE NHOSTS TO 10501

*TSU TAPE 03*

Edit	SPR	  PCO		  Date	Module	Description
9163	20-22085  20-MONITO-936    --	JSYSM  PREVENT NSKDIS BUGHLTS FOR TVTS DUE TO EDITS 9041 AND 9061
9165	--	   --		   --	LATSRV SAVE T1 AT LTEXF FOR TTYSRV; CLEAR TTSFG AND TTRXF
9167	--	   --		   --	MEXEC  CLEAR RSCAN BUFFER WHEN ENTERING MINI-EXEC SO EXEC WON'T GET CONFUSED
9169	20-22083  20-MONITO-938    --	JSYSF  PREVENT CRDIR% WITH CD%DAC FROM LOSING JSB FREESPACE AFTER EDIT 8856

*TSU TAPE 04*

Edit	SPR	  PCO		  Date	Module	Description
9171	--	   --		   --	ROUTER PREVENT ROUNAV BUGCHKS WHEN ENDNODE SUDDENLY BECOMES A ROUTER
9172	--	   --		   --	D36COM INSURE THE AC SAVE ROUTINES IN APRSRV ARE USED
.					DNADLL,LATSRV,LLINKS,NTMAN,SCLINK,LLMOP
9173	--	   --		   --	VERSIO UPDATE COPYRIGHT NOTICE
9174	--	   --		   --	JSYSF   IN PWDICT, ONLY CHECK CD%PEN IF CD%LEN IS SET
9176	--	   --		   --	APRSRV  ADD MORE SAVEAC ROUTINE TO APRSRV, SAVING OVER A PAGE OF CODE IN MONITOR
.					GLOBS, PROLOG
